 outtest_map

 Timestamp is 6a1ee250 (Tue Jun  2 20:01:52 2026)

 Preferred load address is 0000000140000000

 Start         Length     Name                   Class
 0001:00000000 0000004dH .text                   CODE
 0001:00000050 00000d20H .text$mn                CODE
 0001:00000d70 00000036H .text$mn$00             CODE
 0001:00000db0 00000038H .text$x                 CODE
 0002:00000000 00000160H .rdata                  DATA
 0002:00000160 00000028H .rdata$T                DATA
 0002:000001e0 00000038H .00cfg                  DATA
 0002:00000218 00000008H .CRT$XCA                DATA
 0002:00000220 00000008H .CRT$XCAA               DATA
 0002:00000228 00000008H .CRT$XCZ                DATA
 0002:00000230 00000008H .CRT$XIA                DATA
 0002:00000238 00000008H .CRT$XIAA               DATA
 0002:00000240 00000008H .CRT$XIAC               DATA
 0002:00000248 00000008H .CRT$XIZ                DATA
 0002:00000250 00000008H .CRT$XLA                DATA
 0002:00000258 00000008H .CRT$XLZ                DATA
 0002:00000260 00000008H .CRT$XPA                DATA
 0002:00000268 00000008H .CRT$XPZ                DATA
 0002:00000270 00000008H .CRT$XTA                DATA
 0002:00000278 00000008H .CRT$XTZ                DATA
 0002:00000a10 00000008H .rtc$IAA                DATA
 0002:00000a18 00000008H .rtc$IZZ                DATA
 0002:00000a20 00000008H .rtc$TAA                DATA
 0002:00000a28 00000008H .rtc$TZZ                DATA
 0002:00000a30 0000010cH .xdata                  DATA
 0003:00000000 00000104H .data                   DATA
 0003:00000104 00008938H .bss                    DATA
 0004:00000000 00000174H .pdata                  DATA
 0005:00000000 00000001H .tls                    DATA
 0005:00000008 00000008H .tls$                   DATA
 0005:00000010 00000001H .tls$ZZZ                DATA

  Address         Publics by Value              Rva+Base               Lib:Object

 0000:00000000       __AbsoluteZero             0000000000000000     <absolute>
 0000:00000000       __guard_fids_table         0000000000000000     <absolute>
 0000:00000000       __guard_fids_count         0000000000000000     <absolute>
 0000:00000000       __guard_flags              0000000000000000     <absolute>
 0000:00000000       __guard_iat_table          0000000000000000     <absolute>
 0000:00000000       __guard_iat_count          0000000000000000     <absolute>
 0000:00000000       __guard_longjmp_table      0000000000000000     <absolute>
 0000:00000000       __guard_longjmp_count      0000000000000000     <absolute>
 0000:00000000       __enclave_config           0000000000000000     <absolute>
 0000:00000000       __guard_eh_cont_table      0000000000000000     <absolute>
 0000:00000000       __guard_eh_cont_count      0000000000000000     <absolute>
 0000:00000000       __AbsoluteZero             0000000000000000     <absolute>
 0000:00000003       @vol.md                    0000000000000003     <absolute>
 0000:00000003       @vol.md                    0000000000000003     <absolute>
 0000:00000003       @vol.md                    0000000000000003     <absolute>
 0000:00000003       @vol.md                    0000000000000003     <absolute>
 0000:00000003       @vol.md                    0000000000000003     <absolute>
 0000:00000003       @vol.md                    0000000000000003     <absolute>
 0000:00000003       @vol.md                    0000000000000003     <absolute>
 0000:00000003       @vol.md                    0000000000000003     <absolute>
 0000:00000003       @vol.md                    0000000000000003     <absolute>
 0000:00000003       @vol.md                    0000000000000003     <absolute>
 0000:00000003       @vol.md                    0000000000000003     <absolute>
 0000:00000003       @vol.md                    0000000000000003     <absolute>
 0000:00000003       @vol.md                    0000000000000003     <absolute>
 0000:00000003       @vol.md                    0000000000000003     <absolute>
 0000:00000003       @vol.md                    0000000000000003     <absolute>
 0000:00000003       @vol.md                    0000000000000003     <absolute>
 0000:00000003       @vol.md                    0000000000000003     <absolute>
 0000:00000003       @vol.md                    0000000000000003     <absolute>
 0000:00000003       @vol.md                    0000000000000003     <absolute>
 0000:00000003       @vol.md                    0000000000000003     <absolute>
 0000:00000003       @vol.md                    0000000000000003     <absolute>
 0000:00000003       @vol.md                    0000000000000003     <absolute>
 0000:00000003       @vol.md                    0000000000000003     <absolute>
 0000:00000003       @vol.md                    0000000000000003     <absolute>
 0000:00000003       @vol.md                    0000000000000003     <absolute>
 0000:00000003       @vol.md                    0000000000000003     <absolute>
 0000:00000003       @vol.md                    0000000000000003     <absolute>
 0000:00000003       @vol.md                    0000000000000003     <absolute>
 0000:00000003       @vol.md                    0000000000000003     <absolute>
 0000:00000003       @vol.md                    0000000000000003     <absolute>
 0000:00000003       @vol.md                    0000000000000003     <absolute>
 0000:00000003       @vol.md                    0000000000000003     <absolute>
 0000:00000003       @vol.md                    0000000000000003     <absolute>
 0000:00000003       @vol.md                    0000000000000003     <absolute>
 0000:00000003       @vol.md                    0000000000000003     <absolute>
 0000:00000003       @vol.md                    0000000000000003     <absolute>
 0000:00000000       __ImageBase                0000000140000000     <linker-defined>
 0001:00000000       __entry                    0000000140001000     outtest_linked.obj
 0001:00000010       main_user                  0000000140001010     outtest_linked.obj
 0001:00000030       main                       0000000140001030     outtest_linked.obj
 0001:00000050       aurora_print_str           0000000140001050     aurora_runtime:io.obj
 0001:000000e0       aurora_panic               00000001400010e0     aurora_runtime:io.obj
 0001:00000190       aurora_str_from_cstr       0000000140001190     aurora_runtime:aurora_str.obj
 0001:00000250       __local_stdio_printf_options 0000000140001250     aurora_runtime:memory.obj
 0001:00000270       __security_check_cookie    0000000140001270     MSVCRT:amdsecgs.obj
 0001:00000290       __report_gsfailure         0000000140001290     MSVCRT:gs_report.obj
 0001:00000510       mainCRTStartup             0000000140001510     MSVCRT:exe_main.obj
 0001:00000530       atexit                     0000000140001530     MSVCRT:utility.obj
 0001:00000570       __scrt_is_nonwritable_in_current_image 0000000140001570     MSVCRT:utility.obj
 0001:00000610       __scrt_acquire_startup_lock 0000000140001610     MSVCRT:utility.obj
 0001:00000660       __scrt_release_startup_lock 0000000140001660     MSVCRT:utility.obj
 0001:00000690       __scrt_initialize_crt      0000000140001690     MSVCRT:utility.obj
 0001:000006d0       __scrt_uninitialize_crt    00000001400016d0     MSVCRT:utility.obj
 0001:00000700       __scrt_initialize_onexit_tables 0000000140001700     MSVCRT:utility.obj
 0001:000007a0       __security_init_cookie     00000001400017a0     MSVCRT:gs_support.obj
 0001:00000860       _matherr                   0000000140001860     MSVCRT:matherr.obj
 0001:00000860       _get_startup_commit_mode   0000000140001860     MSVCRT:commit_mode.obj
 0001:00000860       _get_startup_new_mode      0000000140001860     MSVCRT:new_mode.obj
 0001:00000860       _get_startup_thread_locale_mode 0000000140001860     MSVCRT:thread_locale.obj
 0001:00000860       __scrt_initialize_winrt    0000000140001860     MSVCRT:utility_desktop.obj
 0001:00000860       __scrt_stub_for_initialize_mta 0000000140001860     MSVCRT:utility_desktop.obj
 0001:00000860       __scrt_stub_for_initialize_mta 0000000140001860     MSVCRT:utility_desktop.obj
 0001:00000870       _get_startup_argv_mode     0000000140001870     MSVCRT:argv_mode.obj
 0001:00000880       _get_startup_file_mode     0000000140001880     MSVCRT:file_mode.obj
 0001:00000890       ?__scrt_initialize_type_info@@YAXXZ 0000000140001890     MSVCRT:tncleanup.obj
 0001:000008a0       _should_initialize_environment 00000001400018a0     MSVCRT:env_mode.obj
 0001:000008a0       __scrt_stub_for_acrt_initialize 00000001400018a0     MSVCRT:ucrt_stubs.obj
 0001:000008a0       __scrt_stub_for_acrt_uninitialize 00000001400018a0     MSVCRT:ucrt_stubs.obj
 0001:000008a0       __scrt_stub_for_acrt_initialize 00000001400018a0     MSVCRT:ucrt_stubs.obj
 0001:000008a0       __scrt_stub_for_acrt_uninitialize 00000001400018a0     MSVCRT:ucrt_stubs.obj
 0001:000008a0       __scrt_stub_for_acrt_initialize 00000001400018a0     MSVCRT:ucrt_stubs.obj
 0001:000008a0       __scrt_stub_for_acrt_uninitialize 00000001400018a0     MSVCRT:ucrt_stubs.obj
 0001:000008b0       _initialize_invalid_parameter_handler 00000001400018b0     MSVCRT:invalid_parameter_handler.obj
 0001:000008b0       _initialize_denormal_control 00000001400018b0     MSVCRT:denormal_control.obj
 0001:000008b0       _guard_check_icall_nop     00000001400018b0     MSVCRT:guard_support.obj
 0001:000008c0       __scrt_initialize_default_local_stdio_options 00000001400018c0     MSVCRT:default_local_stdio_options.obj
 0001:000008e0       __local_stdio_scanf_options 00000001400018e0     MSVCRT:default_local_stdio_options.obj
 0001:000008f0       __scrt_is_user_matherr_present 00000001400018f0     MSVCRT:matherr_detection.obj
 0001:00000900       __scrt_get_dyn_tls_init_callback 0000000140001900     MSVCRT:dyn_tls_init.obj
 0001:00000910       __scrt_get_dyn_tls_dtor_callback 0000000140001910     MSVCRT:dyn_tls_dtor.obj
 0001:00000920       __scrt_is_managed_app      0000000140001920     MSVCRT:utility_desktop.obj
 0001:00000980       __scrt_initialize_mta      0000000140001980     MSVCRT:utility_desktop.obj
 0001:00000990       __scrt_set_unhandled_exception_filter 0000000140001990     MSVCRT:utility_desktop.obj
 0001:000009a0       __scrt_fastfail            00000001400019a0     MSVCRT:utility_desktop.obj
 0001:000009b0       __scrt_unhandled_exception_filter 00000001400019b0     MSVCRT:utility_desktop.obj
 0001:00000a10       _RTC_Initialize            0000000140001a10     MSVCRT:initsect.obj
 0001:00000a60       _RTC_Terminate             0000000140001a60     MSVCRT:initsect.obj
 0001:00000ab0       __isa_available_init       0000000140001ab0     MSVCRT:cpu_disp.obj
 0001:00000d60       __scrt_is_ucrt_dll_in_use  0000000140001d60     MSVCRT:ucrt_detection.obj
 0001:00000d80       _guard_dispatch_icall_nop  0000000140001d80     MSVCRT:guard_dispatch.obj
 0001:00000da0       _guard_xfg_dispatch_icall_nop 0000000140001da0     MSVCRT:guard_xfg_dispatch.obj
 0001:00000df0       __C_specific_handler       0000000140001df0     vcruntime:VCRUNTIME140.dll
 0001:00000e00       __current_exception        0000000140001e00     vcruntime:VCRUNTIME140.dll
 0001:00000e10       __current_exception_context 0000000140001e10     vcruntime:VCRUNTIME140.dll
 0001:00000e20       memcpy                     0000000140001e20     vcruntime:VCRUNTIME140.dll
 0001:00000e30       __p___argc                 0000000140001e30     ucrt:api-ms-win-crt-runtime-l1-1-0.dll
 0001:00000e40       __p___argv                 0000000140001e40     ucrt:api-ms-win-crt-runtime-l1-1-0.dll
 0001:00000e50       __p__commode               0000000140001e50     ucrt:api-ms-win-crt-stdio-l1-1-0.dll
 0001:00000e60       __setusermatherr           0000000140001e60     ucrt:api-ms-win-crt-math-l1-1-0.dll
 0001:00000e70       _c_exit                    0000000140001e70     ucrt:api-ms-win-crt-runtime-l1-1-0.dll
 0001:00000e80       _cexit                     0000000140001e80     ucrt:api-ms-win-crt-runtime-l1-1-0.dll
 0001:00000e90       _configthreadlocale        0000000140001e90     ucrt:api-ms-win-crt-locale-l1-1-0.dll
 0001:00000ea0       _configure_narrow_argv     0000000140001ea0     ucrt:api-ms-win-crt-runtime-l1-1-0.dll
 0001:00000eb0       _crt_atexit                0000000140001eb0     ucrt:api-ms-win-crt-runtime-l1-1-0.dll
 0001:00000ec0       _exit                      0000000140001ec0     ucrt:api-ms-win-crt-runtime-l1-1-0.dll
 0001:00000ed0       _get_initial_narrow_environment 0000000140001ed0     ucrt:api-ms-win-crt-runtime-l1-1-0.dll
 0001:00000ee0       _initialize_narrow_environment 0000000140001ee0     ucrt:api-ms-win-crt-runtime-l1-1-0.dll
 0001:00000ef0       _initialize_onexit_table   0000000140001ef0     ucrt:api-ms-win-crt-runtime-l1-1-0.dll
 0001:00000f00       _initterm                  0000000140001f00     ucrt:api-ms-win-crt-runtime-l1-1-0.dll
 0001:00000f10       _initterm_e                0000000140001f10     ucrt:api-ms-win-crt-runtime-l1-1-0.dll
 0001:00000f20       _register_onexit_function  0000000140001f20     ucrt:api-ms-win-crt-runtime-l1-1-0.dll
 0001:00000f30       _register_thread_local_exe_atexit_callback 0000000140001f30     ucrt:api-ms-win-crt-runtime-l1-1-0.dll
 0001:00000f40       _seh_filter_exe            0000000140001f40     ucrt:api-ms-win-crt-runtime-l1-1-0.dll
 0001:00000f50       _set_app_type              0000000140001f50     ucrt:api-ms-win-crt-runtime-l1-1-0.dll
 0001:00000f60       _set_fmode                 0000000140001f60     ucrt:api-ms-win-crt-stdio-l1-1-0.dll
 0001:00000f70       _set_new_mode              0000000140001f70     ucrt:api-ms-win-crt-heap-l1-1-0.dll
 0001:00000f80       exit                       0000000140001f80     ucrt:api-ms-win-crt-runtime-l1-1-0.dll
 0001:00000f90       strlen                     0000000140001f90     ucrt:api-ms-win-crt-string-l1-1-0.dll
 0001:00000fa0       terminate                  0000000140001fa0     ucrt:api-ms-win-crt-runtime-l1-1-0.dll
 0002:00000010       _load_config_used          0000000140002010     MSVCRT:loadcfg.obj
 0002:00000150       __xmm@ffffffffffffffffffffffffffffffff 0000000140002150     MSVCRT:utility.obj
 0002:00000160       _tls_used                  0000000140002160     MSVCRT:tlssup.obj
 0002:00000188       ??_C@_00CNPNBAHC@@         0000000140002188     aurora_runtime:io.obj
 0002:0000018c       ??_C@_05IHCDMNLM@null?6@   000000014000218c     aurora_runtime:io.obj
 0002:00000190       ??_C@_01EEMJAFIK@?6@       0000000140002190     aurora_runtime:io.obj
 0002:00000198       ??_C@_0BK@GIIJIEHP@out?5of?5memory?5?$CIAuroraStr?$CJ@ 0000000140002198     aurora_runtime:aurora_str.obj
 0002:000001b8       ??_C@_0BP@BBNIMIIH@out?5of?5memory?5?$CIAuroraStr?5data?$CJ@ 00000001400021b8     aurora_runtime:aurora_str.obj
 0002:000001d8       ??_C@_07HIOPEPIO@PANIC?3?5@ 00000001400021d8     aurora_runtime:io.obj
 0002:000001e0       __guard_check_icall_fptr   00000001400021e0     MSVCRT:guard_support.obj
 0002:000001e8       __guard_xfg_check_icall_fptr 00000001400021e8     MSVCRT:guard_support.obj
 0002:000001f0       __guard_dispatch_icall_fptr 00000001400021f0     MSVCRT:guard_support.obj
 0002:000001f8       __guard_xfg_dispatch_icall_fptr 00000001400021f8     MSVCRT:guard_support.obj
 0002:00000200       __guard_xfg_table_dispatch_icall_fptr 0000000140002200     MSVCRT:guard_support.obj
 0002:00000208       __castguard_check_failure_os_handled_fptr 0000000140002208     MSVCRT:guard_support.obj
 0002:00000210       __guard_memcpy_fptr        0000000140002210     vcruntime:softmemtag.obj
 0002:00000218       __xc_a                     0000000140002218     MSVCRT:initializers.obj
 0002:00000228       __xc_z                     0000000140002228     MSVCRT:initializers.obj
 0002:00000230       __xi_a                     0000000140002230     MSVCRT:initializers.obj
 0002:00000248       __xi_z                     0000000140002248     MSVCRT:initializers.obj
 0002:00000250       __xl_a                     0000000140002250     MSVCRT:tlssup.obj
 0002:00000258       __xl_z                     0000000140002258     MSVCRT:tlssup.obj
 0002:00000260       __xp_a                     0000000140002260     MSVCRT:initializers.obj
 0002:00000268       __xp_z                     0000000140002268     MSVCRT:initializers.obj
 0002:00000270       __xt_a                     0000000140002270     MSVCRT:initializers.obj
 0002:00000278       __xt_z                     0000000140002278     MSVCRT:initializers.obj
 0002:000004b8       __imp_ExitProcess          00000001400024b8     kernel32:KERNEL32.dll
 0002:000004c0       __imp_GetCurrentProcessId  00000001400024c0     kernel32:KERNEL32.dll
 0002:000004c8       __imp_GetCurrentThreadId   00000001400024c8     kernel32:KERNEL32.dll
 0002:000004d0       __imp_GetModuleHandleW     00000001400024d0     kernel32:KERNEL32.dll
 0002:000004d8       __imp_GetStdHandle         00000001400024d8     kernel32:KERNEL32.dll
 0002:000004e0       __imp_GetSystemTimeAsFileTime 00000001400024e0     kernel32:KERNEL32.dll
 0002:000004e8       __imp_InitializeSListHead  00000001400024e8     kernel32:KERNEL32.dll
 0002:000004f0       __imp_QueryPerformanceCounter 00000001400024f0     kernel32:KERNEL32.dll
 0002:000004f8       __imp_SetUnhandledExceptionFilter 00000001400024f8     kernel32:KERNEL32.dll
 0002:00000500       __imp_WriteFile            0000000140002500     kernel32:KERNEL32.dll
 0002:00000510       __imp___C_specific_handler 0000000140002510     vcruntime:VCRUNTIME140.dll
 0002:00000518       __imp___current_exception  0000000140002518     vcruntime:VCRUNTIME140.dll
 0002:00000520       __imp___current_exception_context 0000000140002520     vcruntime:VCRUNTIME140.dll
 0002:00000528       __imp_memcpy               0000000140002528     vcruntime:VCRUNTIME140.dll
 0002:00000538       __imp__set_new_mode        0000000140002538     ucrt:api-ms-win-crt-heap-l1-1-0.dll
 0002:00000540       __imp_free                 0000000140002540     ucrt:api-ms-win-crt-heap-l1-1-0.dll
 0002:00000548       __imp_malloc               0000000140002548     ucrt:api-ms-win-crt-heap-l1-1-0.dll
 0002:00000558       __imp___p___argc           0000000140002558     ucrt:api-ms-win-crt-runtime-l1-1-0.dll
 0002:00000560       __imp___p___argv           0000000140002560     ucrt:api-ms-win-crt-runtime-l1-1-0.dll
 0002:00000568       __imp__c_exit              0000000140002568     ucrt:api-ms-win-crt-runtime-l1-1-0.dll
 0002:00000570       __imp__cexit               0000000140002570     ucrt:api-ms-win-crt-runtime-l1-1-0.dll
 0002:00000578       __imp__configure_narrow_argv 0000000140002578     ucrt:api-ms-win-crt-runtime-l1-1-0.dll
 0002:00000580       __imp__crt_atexit          0000000140002580     ucrt:api-ms-win-crt-runtime-l1-1-0.dll
 0002:00000588       __imp__exit                0000000140002588     ucrt:api-ms-win-crt-runtime-l1-1-0.dll
 0002:00000590       __imp__get_initial_narrow_environment 0000000140002590     ucrt:api-ms-win-crt-runtime-l1-1-0.dll
 0002:00000598       __imp__initialize_narrow_environment 0000000140002598     ucrt:api-ms-win-crt-runtime-l1-1-0.dll
 0002:000005a0       __imp__initialize_onexit_table 00000001400025a0     ucrt:api-ms-win-crt-runtime-l1-1-0.dll
 0002:000005a8       __imp__initterm            00000001400025a8     ucrt:api-ms-win-crt-runtime-l1-1-0.dll
 0002:000005b0       __imp__initterm_e          00000001400025b0     ucrt:api-ms-win-crt-runtime-l1-1-0.dll
 0002:000005b8       __imp__register_onexit_function 00000001400025b8     ucrt:api-ms-win-crt-runtime-l1-1-0.dll
 0002:000005c0       __imp__register_thread_local_exe_atexit_callback 00000001400025c0     ucrt:api-ms-win-crt-runtime-l1-1-0.dll
 0002:000005c8       __imp__seh_filter_exe      00000001400025c8     ucrt:api-ms-win-crt-runtime-l1-1-0.dll
 0002:000005d0       __imp__set_app_type        00000001400025d0     ucrt:api-ms-win-crt-runtime-l1-1-0.dll
 0002:000005d8       __imp_exit                 00000001400025d8     ucrt:api-ms-win-crt-runtime-l1-1-0.dll
 0002:000005e0       __imp_terminate            00000001400025e0     ucrt:api-ms-win-crt-runtime-l1-1-0.dll
 0002:000005f0       __imp___p__commode         00000001400025f0     ucrt:api-ms-win-crt-stdio-l1-1-0.dll
 0002:000005f8       __imp__set_fmode           00000001400025f8     ucrt:api-ms-win-crt-stdio-l1-1-0.dll
 0002:00000608       __imp___setusermatherr     0000000140002608     ucrt:api-ms-win-crt-math-l1-1-0.dll
 0002:00000618       __imp__configthreadlocale  0000000140002618     ucrt:api-ms-win-crt-locale-l1-1-0.dll
 0002:00000628       __imp_strlen               0000000140002628     ucrt:api-ms-win-crt-string-l1-1-0.dll
 0002:00000a10       __rtc_iaa                  0000000140002a10     MSVCRT:initsect.obj
 0002:00000a18       __rtc_izz                  0000000140002a18     MSVCRT:initsect.obj
 0002:00000a20       __rtc_taa                  0000000140002a20     MSVCRT:initsect.obj
 0002:00000a28       __rtc_tzz                  0000000140002a28     MSVCRT:initsect.obj
 0003:00000080       __security_cookie          0000000140003080     MSVCRT:gs_cookie.obj
 0003:000000c0       __security_cookie_complement 00000001400030c0     MSVCRT:gs_cookie.obj
 0003:000000c8       _fltused                   00000001400030c8     MSVCRT:fltused.obj
 0003:000000cc       __scrt_native_dllmain_reason 00000001400030cc     MSVCRT:utility.obj
 0003:000000d0       __scrt_default_matherr     00000001400030d0     MSVCRT:matherr.obj
 0003:000000d8       __isa_available            00000001400030d8     MSVCRT:cpu_disp.obj
 0003:000000dc       __isa_enabled              00000001400030dc     MSVCRT:cpu_disp.obj
 0003:000000e0       __memset_fast_string_threshold 00000001400030e0     MSVCRT:cpu_disp.obj
 0003:000000e8       __memset_nt_threshold      00000001400030e8     MSVCRT:cpu_disp.obj
 0003:000000f0       __isa_inverted             00000001400030f0     MSVCRT:cpu_disp.obj
 0003:00000100       __scrt_ucrt_dll_is_in_use  0000000140003100     MSVCRT:ucrt_stubs.obj
 0003:000089a0       ?_OptionsStorage@?1??__local_stdio_printf_options@@9@4_KA 000000014000b9a0     aurora_runtime:memory.obj
 0003:000089a8       _tls_index                 000000014000b9a8     MSVCRT:tlssup.obj
 0003:000089b0       __scrt_current_native_startup_state 000000014000b9b0     MSVCRT:utility.obj
 0003:000089b8       __scrt_native_startup_lock 000000014000b9b8     MSVCRT:utility.obj
 0003:00008a00       ?__type_info_root_node@@3U__type_info_node@@A 000000014000ba00     MSVCRT:tncleanup.obj
 0003:00008a10       ?_OptionsStorage@?1??__local_stdio_scanf_options@@9@4_KA 000000014000ba10     MSVCRT:default_local_stdio_options.obj
 0000:00000000       __dyn_tls_init_callback    000000014000ba20     <common>
 0000:00000000       __dyn_tls_dtor_callback    000000014000ba28     <common>
 0003:00008a30       __scrt_debugger_hook_flag  000000014000ba30     MSVCRT:utility_desktop.obj
 0003:00008a34       __favor                    000000014000ba34     MSVCRT:cpu_disp.obj
 0003:00008a38       __avx10_version            000000014000ba38     MSVCRT:cpu_disp.obj
 0005:00000000       _tls_start                 000000014000d000     MSVCRT:tlssup.obj
 0005:00000010       _tls_end                   000000014000d010     MSVCRT:tlssup.obj

 entry point at         0001:00000510

 Static symbols

 0000:00000000       __guard_fids__             0000000140000000     MSVCRT:exe_main.obj
 0000:00000000       __guard_fids_?pre_c_initialization@@YAHXZ 0000000140000000     MSVCRT:exe_main.obj
 0000:00000000       __guard_ehcont_?__scrt_common_main_seh@@YAHXZ 0000000140000000     MSVCRT:exe_main.obj
 0000:00000000       __guard_ehcont___scrt_is_nonwritable_in_current_image 0000000140000000     MSVCRT:utility.obj
 0000:00000000       __guard_fids___scrt_set_unhandled_exception_filter 0000000140000000     MSVCRT:utility_desktop.obj
 0000:00000000       __guard_fids__             0000000140000000     MSVCRT:guard_support.obj
 0000:00000000       __guard_fids__             0000000140000000     MSVCRT:guard_support.obj
 0000:00000000       __guard_fids__             0000000140000000     vcruntime:softmemtag.obj
 0000:00000004       __guard_fids__             0000000140000004     MSVCRT:exe_main.obj
 0000:00000008       __guard_fids__             0000000140000008     MSVCRT:exe_main.obj
 0001:00000260       $$000000                   0000000140001260     MSVCRT:amdsecgs.obj
 0001:000002a0       ?pre_c_initialization@@YAHXZ 00000001400012a0     MSVCRT:exe_main.obj
 0001:00000360       ?post_pgo_initialization@@YAHXZ 0000000140001360     MSVCRT:exe_main.obj
 0001:00000370       ?pre_cpp_initialization@@YAXXZ 0000000140001370     MSVCRT:exe_main.obj
 0001:00000390       ?__scrt_common_main_seh@@YAHXZ 0000000140001390     MSVCRT:exe_main.obj
 0001:00000d70       $$000000                   0000000140001d70     MSVCRT:guard_dispatch.obj
 0001:00000d90       $$000000                   0000000140001d90     MSVCRT:guard_xfg_dispatch.obj
 0001:00000db0       ?filt$0@?0??__scrt_common_main_seh@@YAHXZ@4HA 0000000140001db0     MSVCRT:exe_main.obj
 0001:00000dd0       __scrt_is_nonwritable_in_current_image$filt$0 0000000140001dd0     MSVCRT:utility.obj
 0002:00000220       ?pre_cpp_initializer@@3P6AXXZEA 0000000140002220     MSVCRT:exe_main.obj
 0002:00000238       ?pre_c_initializer@@3P6AHXZEA 0000000140002238     MSVCRT:exe_main.obj
 0002:00000240       ?post_pgo_initializer@@3P6AHXZEA 0000000140002240     MSVCRT:exe_main.obj
 0002:00000a40       $unwind$aurora_print_str   0000000140002a40     aurora_runtime:io.obj
 0002:00000a4c       $unwind$aurora_panic       0000000140002a4c     aurora_runtime:io.obj
 0002:00000a58       $unwind$aurora_str_from_cstr 0000000140002a58     aurora_runtime:aurora_str.obj
 0002:00000a68       $xdatasym                  0000000140002a68     MSVCRT:amdsecgs.obj
 0002:00000a6c       $unwind$?pre_c_initialization@@YAHXZ 0000000140002a6c     MSVCRT:exe_main.obj
 0002:00000a6c       $unwind$atexit             0000000140002a6c     MSVCRT:utility.obj
 0002:00000a6c       $unwind$__scrt_release_startup_lock 0000000140002a6c     MSVCRT:utility.obj
 0002:00000a6c       $unwind$__scrt_uninitialize_crt 0000000140002a6c     MSVCRT:utility.obj
 0002:00000a6c       $unwind$__scrt_initialize_onexit_tables 0000000140002a6c     MSVCRT:utility.obj
 0002:00000a74       $unwind$?post_pgo_initialization@@YAHXZ 0000000140002a74     MSVCRT:exe_main.obj
 0002:00000a74       $unwind$?pre_cpp_initialization@@YAXXZ 0000000140002a74     MSVCRT:exe_main.obj
 0002:00000a74       $unwind$mainCRTStartup     0000000140002a74     MSVCRT:exe_main.obj
 0002:00000a74       $unwind$__scrt_acquire_startup_lock 0000000140002a74     MSVCRT:utility.obj
 0002:00000a74       $unwind$__scrt_initialize_crt 0000000140002a74     MSVCRT:utility.obj
 0002:00000a74       $unwind$__scrt_initialize_default_local_stdio_options 0000000140002a74     MSVCRT:default_local_stdio_options.obj
 0002:00000a74       $unwind$__scrt_is_managed_app 0000000140002a74     MSVCRT:utility_desktop.obj
 0002:00000a7c       $unwind$?__scrt_common_main_seh@@YAHXZ 0000000140002a7c     MSVCRT:exe_main.obj
 0002:00000ab4       $unwind$?filt$0@?0??__scrt_common_main_seh@@YAHXZ@4HA 0000000140002ab4     MSVCRT:exe_main.obj
 0002:00000abc       $unwind$__scrt_is_nonwritable_in_current_image 0000000140002abc     MSVCRT:utility.obj
 0002:00000adc       $unwind$__scrt_is_nonwritable_in_current_image$filt$0 0000000140002adc     MSVCRT:utility.obj
 0002:00000ae4       $unwind$__security_init_cookie 0000000140002ae4     MSVCRT:gs_support.obj
 0002:00000aec       $unwind$__scrt_unhandled_exception_filter 0000000140002aec     MSVCRT:utility_desktop.obj
 0002:00000aec       $unwind$_RTC_Initialize    0000000140002aec     MSVCRT:initsect.obj
 0002:00000aec       $unwind$_RTC_Terminate     0000000140002aec     MSVCRT:initsect.obj
 0002:00000af8       $unwind$__isa_available_init 0000000140002af8     MSVCRT:cpu_disp.obj
 0002:00000b04       $chain$1$__isa_available_init 0000000140002b04     MSVCRT:cpu_disp.obj
 0002:00000b1c       $chain$2$__isa_available_init 0000000140002b1c     MSVCRT:cpu_disp.obj
 0002:00000b30       $xdatasym                  0000000140002b30     MSVCRT:guard_dispatch.obj
 0002:00000b38       $xdatasym                  0000000140002b38     MSVCRT:guard_xfg_dispatch.obj
 0003:00000000       ?stats_mutex@@3Vmutex@std@@A 0000000140003000     aurora_runtime:memory.obj
 0003:00000050       ?gc_auto_threshold@@3U?$atomic@_K@std@@A 0000000140003050     aurora_runtime:memory.obj
 0003:00000110       ?memory_stats@@3UAuroraMemoryStats@@A 0000000140003110     aurora_runtime:memory.obj
 0003:00000150       ?diagnostics_enabled@@3U?$atomic@_N@std@@A 0000000140003150     aurora_runtime:memory.obj
 0003:00000158       ?stats_lock@@3U_RTL_SRWLOCK@@A 0000000140003158     aurora_runtime:memory.obj
 0003:00000160       ?gc_objects@@3PEAV?$vector@UGCRecord@@V?$allocator@UGCRecord@@@std@@@std@@EA 0000000140003160     aurora_runtime:memory.obj
 0003:00000168       ?gc_live_objects@@3U?$atomic@_K@std@@A 0000000140003168     aurora_runtime:memory.obj
 0003:00000170       ?gc_collected@@3U?$atomic@_K@std@@A 0000000140003170     aurora_runtime:memory.obj
 0003:00000178       ?gc_alloc_since_last@@3U?$atomic@_K@std@@A 0000000140003178     aurora_runtime:memory.obj
 0003:00000180       ?gc_lock@@3U_RTL_SRWLOCK@@A 0000000140003180     aurora_runtime:memory.obj
 0003:00000188       ?aurora_ex_top@@3HA        0000000140003188     aurora_runtime:memory.obj
 0003:00000190       ?aurora_ex_stack@@3PAUAuroraExFrame@@A 0000000140003190     aurora_runtime:memory.obj
 0003:00008990       arena_gc_lock              000000014000b990     aurora_runtime:memory.obj
 0003:00008998       arena_gc_roots             000000014000b998     aurora_runtime:memory.obj
 0003:000089c0       ?is_initialized_as_dll@@3_NA 000000014000b9c0     MSVCRT:utility.obj
 0003:000089c1       ?module_local_atexit_table_initialized@@3_NA 000000014000b9c1     MSVCRT:utility.obj
 0003:000089c8       ?module_local_atexit_table@@3U_onexit_table_t@@A 000000014000b9c8     MSVCRT:utility.obj
 0003:000089e0       ?module_local_at_quick_exit_table@@3U_onexit_table_t@@A 000000014000b9e0     MSVCRT:utility.obj
 0004:00000018       $pdata$aurora_print_str    000000014000c018     aurora_runtime:io.obj
 0004:00000024       $pdata$aurora_panic        000000014000c024     aurora_runtime:io.obj
 0004:00000030       $pdata$aurora_str_from_cstr 000000014000c030     aurora_runtime:aurora_str.obj
 0004:00000048       $pdata$?pre_c_initialization@@YAHXZ 000000014000c048     MSVCRT:exe_main.obj
 0004:00000054       $pdata$?post_pgo_initialization@@YAHXZ 000000014000c054     MSVCRT:exe_main.obj
 0004:00000060       $pdata$?pre_cpp_initialization@@YAXXZ 000000014000c060     MSVCRT:exe_main.obj
 0004:0000006c       $pdata$?__scrt_common_main_seh@@YAHXZ 000000014000c06c     MSVCRT:exe_main.obj
 0004:00000078       $pdata$?filt$0@?0??__scrt_common_main_seh@@YAHXZ@4HA 000000014000c078     MSVCRT:exe_main.obj
 0004:00000084       $pdata$mainCRTStartup      000000014000c084     MSVCRT:exe_main.obj
 0004:00000090       $pdata$atexit              000000014000c090     MSVCRT:utility.obj
 0004:0000009c       $pdata$__scrt_is_nonwritable_in_current_image 000000014000c09c     MSVCRT:utility.obj
 0004:000000a8       $pdata$__scrt_is_nonwritable_in_current_image$filt$0 000000014000c0a8     MSVCRT:utility.obj
 0004:000000b4       $pdata$__scrt_acquire_startup_lock 000000014000c0b4     MSVCRT:utility.obj
 0004:000000c0       $pdata$__scrt_release_startup_lock 000000014000c0c0     MSVCRT:utility.obj
 0004:000000cc       $pdata$__scrt_initialize_crt 000000014000c0cc     MSVCRT:utility.obj
 0004:000000d8       $pdata$__scrt_uninitialize_crt 000000014000c0d8     MSVCRT:utility.obj
 0004:000000e4       $pdata$__scrt_initialize_onexit_tables 000000014000c0e4     MSVCRT:utility.obj
 0004:000000f0       $pdata$__security_init_cookie 000000014000c0f0     MSVCRT:gs_support.obj
 0004:000000fc       $pdata$__scrt_initialize_default_local_stdio_options 000000014000c0fc     MSVCRT:default_local_stdio_options.obj
 0004:00000108       $pdata$__scrt_is_managed_app 000000014000c108     MSVCRT:utility_desktop.obj
 0004:00000114       $pdata$__scrt_unhandled_exception_filter 000000014000c114     MSVCRT:utility_desktop.obj
 0004:00000120       $pdata$_RTC_Initialize     000000014000c120     MSVCRT:initsect.obj
 0004:0000012c       $pdata$_RTC_Terminate      000000014000c12c     MSVCRT:initsect.obj
 0004:00000138       $pdata$__isa_available_init 000000014000c138     MSVCRT:cpu_disp.obj
 0004:00000144       $pdata$1$__isa_available_init 000000014000c144     MSVCRT:cpu_disp.obj
 0004:00000150       $pdata$2$__isa_available_init 000000014000c150     MSVCRT:cpu_disp.obj
 0005:00000008       ?current_arena@@3PEAUArenaBlock@@EA 000000014000d008     aurora_runtime:memory.obj
