 test_nocrash_m

 Timestamp is 6a1ee4b5 (Tue Jun  2 20:12:05 2026)

 Preferred load address is 0000000140000000

 Start         Length     Name                   Class
 0001:00000000 0000004dH .text                   CODE
 0001:00000050 0000e152H .text$mn                CODE
 0001:0000e1b0 00000086H .text$mn$00             CODE
 0001:0000e240 00000c40H .text$mn$21             CODE
 0001:0000ee80 00000426H .text$x                 CODE
 0002:00000000 00005840H .rdata                  DATA
 0002:00005840 0000015cH .rdata$00               DATA
 0002:000059a0 00000028H .rdata$T                DATA
 0002:000059c8 0000016cH .rdata$r                DATA
 0002:00008a80 00000038H .00cfg                  DATA
 0002:00008ab8 00000008H .CRT$XCA                DATA
 0002:00008ac0 00000008H .CRT$XCAA               DATA
 0002:00008ac8 00000008H .CRT$XCZ                DATA
 0002:00008ad0 00000008H .CRT$XIA                DATA
 0002:00008ad8 00000008H .CRT$XIAA               DATA
 0002:00008ae0 00000008H .CRT$XIAC               DATA
 0002:00008ae8 00000020H .CRT$XIC                DATA
 0002:00008b08 00000008H .CRT$XIZ                DATA
 0002:00008b10 00000008H .CRT$XLA                DATA
 0002:00008b18 00000008H .CRT$XLZ                DATA
 0002:00008b20 00000008H .CRT$XPA                DATA
 0002:00008b28 00000010H .CRT$XPX                DATA
 0002:00008b38 00000008H .CRT$XPXA               DATA
 0002:00008b40 00000008H .CRT$XPZ                DATA
 0002:00008b48 00000008H .CRT$XTA                DATA
 0002:00008b50 00000008H .CRT$XTZ                DATA
 0002:000095c8 00000008H .rtc$IAA                DATA
 0002:000095d0 00000008H .rtc$IZZ                DATA
 0002:000095d8 00000008H .rtc$TAA                DATA
 0002:000095e0 00000008H .rtc$TZZ                DATA
 0002:000095e8 00000e94H .xdata                  DATA
 0002:0000a480 00000084H .xdata$x                DATA
 0003:00000000 00000ab0H .data                   DATA
 0003:00000ab0 00000050H .data$r                 DATA
 0003:00000b00 00000020H .data$rs                DATA
 0003:00000b20 0000993cH .bss                    DATA
 0004:00000000 00001014H .pdata                  DATA
 0005:00000000 00000100H .fptable                DATA
 0006:00000000 00000001H .tls                    DATA
 0006:00000008 00000008H .tls$                   DATA
 0006:00000010 00000001H .tls$ZZZ                DATA
 0007:00000000 000001f4H _RDATA                  DATA

  Address         Publics by Value              Rva+Base               Lib:Object

 0000:00000000       __AbsoluteZero             0000000000000000     <absolute>
 0000:00000000       __guard_fids_table         0000000000000000     <absolute>
 0000:00000000       __guard_fids_count         0000000000000000     <absolute>
 0000:00000000       __guard_flags              0000000000000000     <absolute>
 0000:00000000       __guard_iat_table          0000000000000000     <absolute>
 0000:00000000       __guard_iat_count          0000000000000000     <absolute>
 0000:00000000       __guard_longjmp_table      0000000000000000     <absolute>
 0000:00000000       __guard_longjmp_count      0000000000000000     <absolute>
 0000:00000000       __enclave_config           0000000000000000     <absolute>
 0000:00000000       __guard_eh_cont_table      0000000000000000     <absolute>
 0000:00000000       __guard_eh_cont_count      0000000000000000     <absolute>
 0000:00000000       __AbsoluteZero             0000000000000000     <absolute>
 0000:00000002       @vol.md                    0000000000000002     <absolute>
 0000:00000002       @vol.md                    0000000000000002     <absolute>
 0000:00000002       @vol.md                    0000000000000002     <absolute>
 0000:00000002       @vol.md                    0000000000000002     <absolute>
 0000:00000002       @vol.md                    0000000000000002     <absolute>
 0000:00000002       @vol.md                    0000000000000002     <absolute>
 0000:00000002       @vol.md                    0000000000000002     <absolute>
 0000:00000002       @vol.md                    0000000000000002     <absolute>
 0000:00000002       @vol.md                    0000000000000002     <absolute>
 0000:00000002       @vol.md                    0000000000000002     <absolute>
 0000:00000002       @vol.md                    0000000000000002     <absolute>
 0000:00000002       @vol.md                    0000000000000002     <absolute>
 0000:00000002       @vol.md                    0000000000000002     <absolute>
 0000:00000002       @vol.md                    0000000000000002     <absolute>
 0000:00000002       @vol.md                    0000000000000002     <absolute>
 0000:00000002       @vol.md                    0000000000000002     <absolute>
 0000:00000002       @vol.md                    0000000000000002     <absolute>
 0000:00000002       @vol.md                    0000000000000002     <absolute>
 0000:00000002       @vol.md                    0000000000000002     <absolute>
 0000:00000002       @vol.md                    0000000000000002     <absolute>
 0000:00000002       @vol.md                    0000000000000002     <absolute>
 0000:00000002       @vol.md                    0000000000000002     <absolute>
 0000:00000002       @vol.md                    0000000000000002     <absolute>
 0000:00000002       @vol.md                    0000000000000002     <absolute>
 0000:00000002       @vol.md                    0000000000000002     <absolute>
 0000:00000002       @vol.md                    0000000000000002     <absolute>
 0000:00000002       @vol.md                    0000000000000002     <absolute>
 0000:00000002       @vol.md                    0000000000000002     <absolute>
 0000:00000002       @vol.md                    0000000000000002     <absolute>
 0000:00000002       @vol.md                    0000000000000002     <absolute>
 0000:00000002       @vol.md                    0000000000000002     <absolute>
 0000:00000002       @vol.md                    0000000000000002     <absolute>
 0000:00000002       @vol.md                    0000000000000002     <absolute>
 0000:00000002       @vol.md                    0000000000000002     <absolute>
 0000:00000002       @vol.md                    0000000000000002     <absolute>
 0000:00000002       @vol.md                    0000000000000002     <absolute>
 0000:00000002       @vol.md                    0000000000000002     <absolute>
 0000:00000002       @vol.md                    0000000000000002     <absolute>
 0000:00000002       @vol.md                    0000000000000002     <absolute>
 0000:00000002       @vol.md                    0000000000000002     <absolute>
 0000:00000002       @vol.md                    0000000000000002     <absolute>
 0000:00000002       @vol.md                    0000000000000002     <absolute>
 0000:00000002       @vol.md                    0000000000000002     <absolute>
 0000:00000002       @vol.md                    0000000000000002     <absolute>
 0000:00000002       @vol.md                    0000000000000002     <absolute>
 0000:00000002       @vol.md                    0000000000000002     <absolute>
 0000:00000002       @vol.md                    0000000000000002     <absolute>
 0000:00000002       @vol.md                    0000000000000002     <absolute>
 0000:00000002       @vol.md                    0000000000000002     <absolute>
 0000:00000002       @vol.md                    0000000000000002     <absolute>
 0000:00000002       @vol.md                    0000000000000002     <absolute>
 0000:00000002       @vol.md                    0000000000000002     <absolute>
 0000:00000002       @vol.md                    0000000000000002     <absolute>
 0000:00000002       @vol.md                    0000000000000002     <absolute>
 0000:00000002       @vol.md                    0000000000000002     <absolute>
 0000:00000002       @vol.md                    0000000000000002     <absolute>
 0000:00000002       @vol.md                    0000000000000002     <absolute>
 0000:00000002       @vol.md                    0000000000000002     <absolute>
 0000:00000002       @vol.md                    0000000000000002     <absolute>
 0000:00000002       @vol.md                    0000000000000002     <absolute>
 0000:00000002       @vol.md                    0000000000000002     <absolute>
 0000:00000002       @vol.md                    0000000000000002     <absolute>
 0000:00000002       @vol.md                    0000000000000002     <absolute>
 0000:00000002       @vol.md                    0000000000000002     <absolute>
 0000:00000002       @vol.md                    0000000000000002     <absolute>
 0000:00000002       @vol.md                    0000000000000002     <absolute>
 0000:00000002       @vol.md                    0000000000000002     <absolute>
 0000:00000002       @vol.md                    0000000000000002     <absolute>
 0000:00000002       @vol.md                    0000000000000002     <absolute>
 0000:00000002       @vol.md                    0000000000000002     <absolute>
 0000:00000002       @vol.md                    0000000000000002     <absolute>
 0000:00000002       @vol.md                    0000000000000002     <absolute>
 0000:00000002       @vol.md                    0000000000000002     <absolute>
 0000:00000002       @vol.md                    0000000000000002     <absolute>
 0000:00000002       @vol.md                    0000000000000002     <absolute>
 0000:00000002       @vol.md                    0000000000000002     <absolute>
 0000:00000002       @vol.md                    0000000000000002     <absolute>
 0000:00000002       @vol.md                    0000000000000002     <absolute>
 0000:00000002       @vol.md                    0000000000000002     <absolute>
 0000:00000002       @vol.md                    0000000000000002     <absolute>
 0000:00000002       @vol.md                    0000000000000002     <absolute>
 0000:00000002       @vol.md                    0000000000000002     <absolute>
 0000:00000002       @vol.md                    0000000000000002     <absolute>
 0000:00000002       @vol.md                    0000000000000002     <absolute>
 0000:00000002       @vol.md                    0000000000000002     <absolute>
 0000:00000002       @vol.md                    0000000000000002     <absolute>
 0000:00000002       @vol.md                    0000000000000002     <absolute>
 0000:00000002       @vol.md                    0000000000000002     <absolute>
 0000:00000002       @vol.md                    0000000000000002     <absolute>
 0000:00000002       @vol.md                    0000000000000002     <absolute>
 0000:00000002       @vol.md                    0000000000000002     <absolute>
 0000:00000002       @vol.md                    0000000000000002     <absolute>
 0000:00000002       @vol.md                    0000000000000002     <absolute>
 0000:00000002       @vol.md                    0000000000000002     <absolute>
 0000:00000002       @vol.md                    0000000000000002     <absolute>
 0000:00000002       @vol.md                    0000000000000002     <absolute>
 0000:00000002       @vol.md                    0000000000000002     <absolute>
 0000:00000002       @vol.md                    0000000000000002     <absolute>
 0000:00000002       @vol.md                    0000000000000002     <absolute>
 0000:00000002       @vol.md                    0000000000000002     <absolute>
 0000:00000002       @vol.md                    0000000000000002     <absolute>
 0000:00000002       @vol.md                    0000000000000002     <absolute>
 0000:00000002       @vol.md                    0000000000000002     <absolute>
 0000:00000002       @vol.md                    0000000000000002     <absolute>
 0000:00000002       @vol.md                    0000000000000002     <absolute>
 0000:00000002       @vol.md                    0000000000000002     <absolute>
 0000:00000002       @vol.md                    0000000000000002     <absolute>
 0000:00000002       @vol.md                    0000000000000002     <absolute>
 0000:00000002       @vol.md                    0000000000000002     <absolute>
 0000:00000002       @vol.md                    0000000000000002     <absolute>
 0000:00000002       @vol.md                    0000000000000002     <absolute>
 0000:00000002       @vol.md                    0000000000000002     <absolute>
 0000:00000002       @vol.md                    0000000000000002     <absolute>
 0000:00000002       @vol.md                    0000000000000002     <absolute>
 0000:00000002       @vol.md                    0000000000000002     <absolute>
 0000:00000002       @vol.md                    0000000000000002     <absolute>
 0000:00000002       @vol.md                    0000000000000002     <absolute>
 0000:00000002       @vol.md                    0000000000000002     <absolute>
 0000:00000002       @vol.md                    0000000000000002     <absolute>
 0000:00000002       @vol.md                    0000000000000002     <absolute>
 0000:00000002       @vol.md                    0000000000000002     <absolute>
 0000:00000002       @vol.md                    0000000000000002     <absolute>
 0000:00000002       @vol.md                    0000000000000002     <absolute>
 0000:00000002       @vol.md                    0000000000000002     <absolute>
 0000:00000002       @vol.md                    0000000000000002     <absolute>
 0000:00000002       @vol.md                    0000000000000002     <absolute>
 0000:00000002       @vol.md                    0000000000000002     <absolute>
 0000:00000002       @vol.md                    0000000000000002     <absolute>
 0000:00000002       @vol.md                    0000000000000002     <absolute>
 0000:00000002       @vol.md                    0000000000000002     <absolute>
 0000:00000002       @vol.md                    0000000000000002     <absolute>
 0000:00000002       @vol.md                    0000000000000002     <absolute>
 0000:00000002       @vol.md                    0000000000000002     <absolute>
 0000:00000002       @vol.md                    0000000000000002     <absolute>
 0000:00000002       @vol.md                    0000000000000002     <absolute>
 0000:00000002       @vol.md                    0000000000000002     <absolute>
 0000:00000002       @vol.md                    0000000000000002     <absolute>
 0000:00000002       @vol.md                    0000000000000002     <absolute>
 0000:00000002       @vol.md                    0000000000000002     <absolute>
 0000:00000002       @vol.md                    0000000000000002     <absolute>
 0000:00000002       @vol.md                    0000000000000002     <absolute>
 0000:00000002       @vol.md                    0000000000000002     <absolute>
 0000:00000002       @vol.md                    0000000000000002     <absolute>
 0000:00000002       @vol.md                    0000000000000002     <absolute>
 0000:00000002       @vol.md                    0000000000000002     <absolute>
 0000:00000002       @vol.md                    0000000000000002     <absolute>
 0000:00000002       @vol.md                    0000000000000002     <absolute>
 0000:00000002       @vol.md                    0000000000000002     <absolute>
 0000:00000002       @vol.md                    0000000000000002     <absolute>
 0000:00000002       @vol.md                    0000000000000002     <absolute>
 0000:00000002       @vol.md                    0000000000000002     <absolute>
 0000:00000002       @vol.md                    0000000000000002     <absolute>
 0000:00000002       @vol.md                    0000000000000002     <absolute>
 0000:00000002       @vol.md                    0000000000000002     <absolute>
 0000:00000002       @vol.md                    0000000000000002     <absolute>
 0000:00000002       @vol.md                    0000000000000002     <absolute>
 0000:00000003       @vol.md                    0000000000000003     <absolute>
 0000:00000003       @vol.md                    0000000000000003     <absolute>
 0000:00000003       @vol.md                    0000000000000003     <absolute>
 0000:00000003       @vol.md                    0000000000000003     <absolute>
 0000:00000003       @vol.md                    0000000000000003     <absolute>
 0000:00000003       @vol.md                    0000000000000003     <absolute>
 0000:00000003       @vol.md                    0000000000000003     <absolute>
 0000:00000003       @vol.md                    0000000000000003     <absolute>
 0000:00000003       @vol.md                    0000000000000003     <absolute>
 0000:00000003       @vol.md                    0000000000000003     <absolute>
 0000:00000003       @vol.md                    0000000000000003     <absolute>
 0000:00000003       @vol.md                    0000000000000003     <absolute>
 0000:00000003       @vol.md                    0000000000000003     <absolute>
 0000:00000003       @vol.md                    0000000000000003     <absolute>
 0000:00000003       @vol.md                    0000000000000003     <absolute>
 0000:00000003       @vol.md                    0000000000000003     <absolute>
 0000:00000003       @vol.md                    0000000000000003     <absolute>
 0000:00000003       @vol.md                    0000000000000003     <absolute>
 0000:00000003       @vol.md                    0000000000000003     <absolute>
 0000:00000003       @vol.md                    0000000000000003     <absolute>
 0000:00000003       @vol.md                    0000000000000003     <absolute>
 0000:00000003       @vol.md                    0000000000000003     <absolute>
 0000:00000003       @vol.md                    0000000000000003     <absolute>
 0000:00000003       @vol.md                    0000000000000003     <absolute>
 0000:00000003       @vol.md                    0000000000000003     <absolute>
 0000:00000003       @vol.md                    0000000000000003     <absolute>
 0000:00000003       @vol.md                    0000000000000003     <absolute>
 0000:00000003       @vol.md                    0000000000000003     <absolute>
 0000:00000003       @vol.md                    0000000000000003     <absolute>
 0000:00000003       @vol.md                    0000000000000003     <absolute>
 0000:00000003       @vol.md                    0000000000000003     <absolute>
 0000:00000003       @vol.md                    0000000000000003     <absolute>
 0000:00000003       @vol.md                    0000000000000003     <absolute>
 0000:00000003       @vol.md                    0000000000000003     <absolute>
 0000:00000003       @vol.md                    0000000000000003     <absolute>
 0000:00000003       @vol.md                    0000000000000003     <absolute>
 0000:00000003       @vol.md                    0000000000000003     <absolute>
 0000:00000003       @vol.md                    0000000000000003     <absolute>
 0000:00000003       @vol.md                    0000000000000003     <absolute>
 0000:00000003       @vol.md                    0000000000000003     <absolute>
 0000:00000003       @vol.md                    0000000000000003     <absolute>
 0000:00000003       @vol.md                    0000000000000003     <absolute>
 0000:00000003       @vol.md                    0000000000000003     <absolute>
 0000:00000003       @vol.md                    0000000000000003     <absolute>
 0000:00000003       @vol.md                    0000000000000003     <absolute>
 0000:00000003       @vol.md                    0000000000000003     <absolute>
 0000:00000003       @vol.md                    0000000000000003     <absolute>
 0000:00000003       @vol.md                    0000000000000003     <absolute>
 0000:00000003       @vol.md                    0000000000000003     <absolute>
 0000:00000003       @vol.md                    0000000000000003     <absolute>
 0000:00000003       @vol.md                    0000000000000003     <absolute>
 0000:00000003       @vol.md                    0000000000000003     <absolute>
 0000:00000003       @vol.md                    0000000000000003     <absolute>
 0000:00000003       @vol.md                    0000000000000003     <absolute>
 0000:00000003       @vol.md                    0000000000000003     <absolute>
 0000:00000003       @vol.md                    0000000000000003     <absolute>
 0000:00000003       @vol.md                    0000000000000003     <absolute>
 0000:00000003       @vol.md                    0000000000000003     <absolute>
 0000:00000003       @vol.md                    0000000000000003     <absolute>
 0000:00000003       @vol.md                    0000000000000003     <absolute>
 0000:00000003       @vol.md                    0000000000000003     <absolute>
 0000:00000003       @vol.md                    0000000000000003     <absolute>
 0000:00000003       @vol.md                    0000000000000003     <absolute>
 0000:00000003       @vol.md                    0000000000000003     <absolute>
 0000:00000003       @vol.md                    0000000000000003     <absolute>
 0000:00000003       @vol.md                    0000000000000003     <absolute>
 0000:00000003       @vol.md                    0000000000000003     <absolute>
 0000:00000003       @vol.md                    0000000000000003     <absolute>
 0000:00000003       @vol.md                    0000000000000003     <absolute>
 0000:00000000       __ImageBase                0000000140000000     <linker-defined>
 0001:00000000       __entry                    0000000140001000     test_nocrash.obj
 0001:00000010       main_user                  0000000140001010     test_nocrash.obj
 0001:00000030       main                       0000000140001030     test_nocrash.obj
 0001:00000050       aurora_print_str           0000000140001050     aurora_runtime:io.obj
 0001:000000e0       aurora_panic               00000001400010e0     aurora_runtime:io.obj
 0001:00000190       aurora_str_from_cstr       0000000140001190     aurora_runtime:aurora_str.obj
 0001:00000250       __local_stdio_printf_options 0000000140001250     aurora_runtime:memory.obj
 0001:00000260       ??0exception@std@@QEAA@AEBV01@@Z 0000000140001260     aurora_runtime:memory.obj
 0001:000002a0       ?what@exception@std@@UEBAPEBDXZ 00000001400012a0     aurora_runtime:memory.obj
 0001:000002c0       ??_Gexception@std@@UEAAPEAXI@Z 00000001400012c0     aurora_runtime:memory.obj
 0001:000002c0       ??_Gexception@std@@UEAAPEAXI@Z 00000001400012c0     aurora_runtime:memory.obj
 0001:000002c0       ??_Gbad_exception@std@@UEAAPEAXI@Z 00000001400012c0     libvcruntime:frame.obj
 0001:000002c0       ??_Gbad_exception@std@@UEAAPEAXI@Z 00000001400012c0     libvcruntime:frame.obj
 0001:00000304       __GSHandlerCheckCommon     0000000140001304     libcmt:gshandler.obj
 0001:00000364       __GSHandlerCheck           0000000140001364     libcmt:gshandler.obj
 0001:000003a0       __security_check_cookie    00000001400013a0     libcmt:amdsecgs.obj
 0001:000003c0       ??3@YAXPEAX_K@Z            00000001400013c0     libcmt:delete_scalar_size.obj
 0001:000003c8       __std_exception_copy       00000001400013c8     libvcruntime:std_exception.obj
 0001:00000448       __std_exception_destroy    0000000140001448     libvcruntime:std_exception.obj
 0001:00000470       _CxxThrowException         0000000140001470     libvcruntime:throw.obj
 0001:00000518       ??_Gtype_info@@UEAAPEAXI@Z 0000000140001518     libcmt:std_type_info_static.obj
 0001:00000518       ??_Gtype_info@@UEAAPEAXI@Z 0000000140001518     libcmt:std_type_info_static.obj
 0001:00000544       __report_gsfailure         0000000140001544     libcmt:gs_report.obj
 0001:0000068c       __raise_securityfailure    000000014000168c     libcmt:gs_report.obj
 0001:000006c0       __isa_available_init       00000001400016c0     libcmt:cpu_disp.obj
 0001:00000958       ??3@YAXPEAX@Z              0000000140001958     libcmt:delete_scalar.obj
 0001:00000960       _guard_check_icall_nop     0000000140001960     libvcruntime:jbcxrval.obj
 0001:00000960       _initialize_invalid_parameter_handler 0000000140001960     libcmt:invalid_parameter_handler.obj
 0001:00000960       _initialize_denormal_control 0000000140001960     libcmt:denormal_control.obj
 0001:00000964       __except_validate_context_record 0000000140001964     libvcruntime:jbcxrval.obj
 0001:000009b0       memcpy_avx_ermsb_Intel     00000001400019b0     libvcruntime:memcpy_avx_ermsb_aligned.obj
 0001:00000de0       memcpy_avx_ermsb_amd       0000000140001de0     libvcruntime:memcpy_avx_ermsb_aligned_amd.obj
 0001:00001210       memcpy_sse2_ermsb_Intel    0000000140002210     libvcruntime:memcpy_sse2_ermsb_aligned.obj
 0001:000014c0       memcpy_sse2_ermsb_amd      00000001400024c0     libvcruntime:memcpy_sse2_ermsb_aligned_amd.obj
 0001:00001770       memcpy_repmovs_Intel       0000000140002770     libvcruntime:memcpy_repmovs.obj
 0001:00001790       memcpy_CopyDown_Intel      0000000140002790     libvcruntime:memcpy_CopyDown.obj
 0001:00001880       memcpy_repmovs_amd         0000000140002880     libvcruntime:memcpy_repmovs_amd.obj
 0001:000018a0       memcpy_CopyDown_amd        00000001400028a0     libvcruntime:memcpy_CopyDown_amd.obj
 0001:00001980       ?CatchTryBlock@__FrameHandler3@@SAPEBU_s_TryBlockMapEntry@@PEBU_s_FuncInfo@@H@Z 0000000140002980     libvcruntime:risctrnsctrl.obj
 0001:000019e4       ?ExecutionInCatch@__FrameHandler3@@SA_NPEAU_xDISPATCHER_CONTEXT@@PEBU_s_FuncInfo@@@Z 00000001400029e4     libvcruntime:risctrnsctrl.obj
 0001:00001a10       ?FrameUnwindToEmptyState@__FrameHandler3@@SAXPEA_KPEAU_xDISPATCHER_CONTEXT@@PEBU_s_FuncInfo@@@Z 0000000140002a10     libvcruntime:risctrnsctrl.obj
 0001:00001a74       ?GetEstablisherFrame@__FrameHandler3@@SAPEA_KPEA_KPEAU_xDISPATCHER_CONTEXT@@PEBU_s_FuncInfo@@0@Z 0000000140002a74     libvcruntime:risctrnsctrl.obj
 0001:00001b5c       ?UnwindNestedFrames@__FrameHandler3@@SAXPEA_KPEAUEHExceptionRecord@@PEAU_CONTEXT@@0PEAXPEBU_s_FuncInfo@@HHPEBU_s_HandlerType@@PEAU_xDISPATCHER_CONTEXT@@E@Z 0000000140002b5c     libvcruntime:risctrnsctrl.obj
 0001:00001c60       ?GetRangeOfTrysToCheck@__FrameHandler3@@SA?AU?$pair@Viterator@TryBlockMap@__FrameHandler3@@V123@@std@@AEAVTryBlockMap@1@HPEAU_xDISPATCHER_CONTEXT@@PEBU_s_FuncInfo@@H@Z 0000000140002c60     libvcruntime:risctrnsctrl.obj
 0001:00001d98       _GetImageBase              0000000140002d98     libvcruntime:risctrnsctrl.obj
 0001:00001dac       _SetImageBase              0000000140002dac     libvcruntime:risctrnsctrl.obj
 0001:00001dc4       _GetThrowImageBase         0000000140002dc4     libvcruntime:risctrnsctrl.obj
 0001:00001dd8       _SetThrowImageBase         0000000140002dd8     libvcruntime:risctrnsctrl.obj
 0001:00001df0       _CreateFrameInfo           0000000140002df0     libvcruntime:risctrnsctrl.obj
 0001:00001e2c       _FindAndUnlinkFrame        0000000140002e2c     libvcruntime:risctrnsctrl.obj
 0001:00001e80       __CxxFrameHandler3         0000000140002e80     libvcruntime:risctrnsctrl.obj
 0001:00001f08       ??$_CallSETranslator@V__FrameHandler3@@@@YAHPEAUEHExceptionRecord@@PEA_KPEAU_CONTEXT@@PEAU_xDISPATCHER_CONTEXT@@PEBU_s_FuncInfo@@K1H@Z 0000000140002f08     libvcruntime:risctrnsctrl.obj
 0001:00001f5c       __vcrt_initialize_ptd      0000000140002f5c     libvcruntime:per_thread_data.obj
 0001:00001fa4       __vcrt_uninitialize_ptd    0000000140002fa4     libvcruntime:per_thread_data.obj
 0001:00001fcc       __vcrt_getptd              0000000140002fcc     libvcruntime:per_thread_data.obj
 0001:00001fe8       __vcrt_getptd_noexit       0000000140002fe8     libvcruntime:per_thread_data.obj
 0001:000020b4       __vcrt_freefls             00000001400030b4     libvcruntime:per_thread_data.obj
 0001:000020d4       ?StateFromControlPc@__FrameHandler3@@SAHPEBU_s_FuncInfo@@PEAU_xDISPATCHER_CONTEXT@@@Z 00000001400030d4     libvcruntime:ehstate.obj
 0001:000020dc       ?StateFromIp@__FrameHandler3@@SAHPEBU_s_FuncInfo@@PEAU_xDISPATCHER_CONTEXT@@_K@Z 00000001400030dc     libvcruntime:ehstate.obj
 0001:00002144       ?GetCurrentState@__FrameHandler3@@SAHPEA_KPEAU_xDISPATCHER_CONTEXT@@PEBU_s_FuncInfo@@@Z 0000000140003144     libvcruntime:ehstate.obj
 0001:0000216c       ?SetState@__FrameHandler3@@SAXPEA_KPEBU_s_FuncInfo@@H@Z 000000014000316c     libvcruntime:ehstate.obj
 0001:00002178       ?SetUnwindTryBlock@__FrameHandler3@@SAXPEA_KPEAU_xDISPATCHER_CONTEXT@@PEBU_s_FuncInfo@@H@Z 0000000140003178     libvcruntime:ehstate.obj
 0001:000021b4       ?GetUnwindTryBlock@__FrameHandler3@@SAHPEA_KPEAU_xDISPATCHER_CONTEXT@@PEBU_s_FuncInfo@@@Z 00000001400031b4     libvcruntime:ehstate.obj
 0001:000021e0       ?FrameUnwindToState@__FrameHandler3@@SAXPEA_KPEAU_xDISPATCHER_CONTEXT@@PEBU_s_FuncInfo@@H@Z 00000001400031e0     libvcruntime:frame.obj
 0001:0000236c       ?GetHandlerSearchState@__FrameHandler3@@SAHPEA_KPEAU_xDISPATCHER_CONTEXT@@PEBU_s_FuncInfo@@@Z 000000014000336c     libvcruntime:frame.obj
 0001:00002404       ?CxxCallCatchBlock@__FrameHandler3@@SAPEAXPEAU_EXCEPTION_RECORD@@@Z 0000000140003404     libvcruntime:frame.obj
 0001:000025f0       ?_CallMemberFunction1@@YAXQEAX00@Z 00000001400035f0     libvcruntime:frame.obj
 0001:000025fc       ?_CallMemberFunction2@@YAXQEAX00H@Z 00000001400035fc     libvcruntime:frame.obj
 0001:0000260c       ??0bad_exception@std@@QEAA@XZ 000000014000360c     libvcruntime:frame.obj
 0001:00002630       ??1bad_exception@std@@UEAA@XZ 0000000140003630     libvcruntime:frame.obj
 0001:00002644       ??0bad_exception@std@@QEAA@AEBV01@@Z 0000000140003644     libvcruntime:frame.obj
 0001:00002888       ??$__InternalCxxFrameHandlerWrapper@V__FrameHandler3@@@@YA?AW4_EXCEPTION_DISPOSITION@@PEAUEHExceptionRecord@@PEA_KPEAU_CONTEXT@@PEAU_xDISPATCHER_CONTEXT@@PEBU_s_FuncInfo@@H1E@Z 0000000140003888     libvcruntime:frame.obj
 0001:00002890       ??$TypeMatchHelper@V__FrameHandler3@@@@YAHPEBU_s_HandlerType@@PEBU_s_CatchableType@@PEBU_s_ThrowInfo@@@Z 0000000140003890     libvcruntime:frame.obj
 0001:00002c64       ??$__InternalCxxFrameHandler@V__FrameHandler3@@@@YA?AW4_EXCEPTION_DISPOSITION@@PEAUEHExceptionRecord@@PEA_KPEAU_CONTEXT@@PEAU_xDISPATCHER_CONTEXT@@PEBU_s_FuncInfo@@H1E@Z 0000000140003c64     libvcruntime:frame.obj
 0001:000036c0       __C_specific_handler       00000001400046c0     libvcruntime:riscchandler.obj
 0001:000038d8       __vcrt_FlsAlloc            00000001400048d8     libvcruntime:winapi_downlevel.obj
 0001:00003920       __vcrt_FlsFree             0000000140004920     libvcruntime:winapi_downlevel.obj
 0001:00003968       __vcrt_FlsGetValue         0000000140004968     libvcruntime:winapi_downlevel.obj
 0001:000039b0       __vcrt_FlsSetValue         00000001400049b0     libvcruntime:winapi_downlevel.obj
 0001:00003a04       __vcrt_InitializeCriticalSectionEx 0000000140004a04     libvcruntime:winapi_downlevel.obj
 0001:00003c00       _CallSettingFrame          0000000140004c00     libvcruntime:handlers.obj
 0001:00003c40       __DestructExceptionObject  0000000140004c40     libvcruntime:ehhelpers.obj
 0001:00003cb4       __std_terminate            0000000140004cb4     libvcruntime:ehhelpers.obj
 0001:00003cc0       ?_CallMemberFunction0@@YAXQEAX0@Z 0000000140004cc0     libvcruntime:ehhelpers.obj
 0001:00003cc4       _IsExceptionObjectToBeDestroyed 0000000140004cc4     libvcruntime:ehhelpers.obj
 0001:00003cf4       __current_exception        0000000140004cf4     libvcruntime:ehhelpers.obj
 0001:00003d08       __current_exception_context 0000000140004d08     libvcruntime:ehhelpers.obj
 0001:00003d1c       __AdjustPointer            0000000140004d1c     libvcruntime:ehhelpers.obj
 0001:00003d40       __FrameUnwindFilter        0000000140004d40     libvcruntime:ehhelpers.obj
 0001:00003da8       __std_type_info_compare    0000000140004da8     libvcruntime:std_type_info.obj
 0001:00003dc0       _ValidateImageBase         0000000140004dc0     libcmt:pesect.obj
 0001:00003df0       _FindPESection             0000000140004df0     libcmt:pesect.obj
 0001:00003e40       _IsNonwritableInCurrentImage 0000000140004e40     libcmt:pesect.obj
 0001:00003ec0       _NLG_Notify                0000000140004ec0     libvcruntime:notify.obj
 0001:00003ee0       __NLG_Dispatch2            0000000140004ee0     libvcruntime:notify.obj
 0001:00003ef0       __NLG_Return2              0000000140004ef0     libvcruntime:notify.obj
 0001:00003ef4       __vcrt_initialize_locks    0000000140004ef4     libvcruntime:locks.obj
 0001:00003f3c       __vcrt_uninitialize_locks  0000000140004f3c     libvcruntime:locks.obj
 0001:000041e0       mainCRTStartup             00000001400051e0     libcmt:exe_main.obj
 0001:000041f4       atexit                     00000001400051f4     libcmt:utility.obj
 0001:0000420c       _onexit                    000000014000520c     libcmt:utility.obj
 0001:00004248       __scrt_is_nonwritable_in_current_image 0000000140005248     libcmt:utility.obj
 0001:000042e0       __scrt_acquire_startup_lock 00000001400052e0     libcmt:utility.obj
 0001:0000431c       __scrt_release_startup_lock 000000014000531c     libcmt:utility.obj
 0001:00004340       __scrt_initialize_crt      0000000140005340     libcmt:utility.obj
 0001:0000437c       __scrt_uninitialize_crt    000000014000537c     libcmt:utility.obj
 0001:000043a8       __scrt_initialize_onexit_tables 00000001400053a8     libcmt:utility.obj
 0001:00004434       __security_init_cookie     0000000140005434     libcmt:gs_support.obj
 0001:000044e4       _matherr                   00000001400054e4     libcmt:matherr.obj
 0001:000044e4       _get_startup_commit_mode   00000001400054e4     libcmt:commit_mode.obj
 0001:000044e4       _get_startup_new_mode      00000001400054e4     libcmt:new_mode.obj
 0001:000044e4       _get_startup_thread_locale_mode 00000001400054e4     libcmt:thread_locale.obj
 0001:000044e4       __scrt_initialize_winrt    00000001400054e4     libcmt:utility_desktop.obj
 0001:000044e4       __scrt_stub_for_initialize_mta 00000001400054e4     libcmt:utility_desktop.obj
 0001:000044e4       __scrt_stub_for_initialize_mta 00000001400054e4     libcmt:utility_desktop.obj
 0001:000044e8       _get_startup_argv_mode     00000001400054e8     libcmt:argv_mode.obj
 0001:000044f0       _get_startup_file_mode     00000001400054f0     libcmt:file_mode.obj
 0001:000044f8       ?__scrt_initialize_type_info@@YAXXZ 00000001400054f8     libcmt:tncleanup.obj
 0001:00004508       _should_initialize_environment 0000000140005508     libcmt:env_mode.obj
 0001:00004508       __acrt_uninitialize_command_line 0000000140005508     libucrt:argv_data.obj
 0001:0000450c       __scrt_initialize_default_local_stdio_options 000000014000550c     libcmt:default_local_stdio_options.obj
 0001:00004528       __local_stdio_scanf_options 0000000140005528     libcmt:default_local_stdio_options.obj
 0001:00004530       __scrt_is_user_matherr_present 0000000140005530     libcmt:matherr_detection.obj
 0001:0000453c       __scrt_get_dyn_tls_init_callback 000000014000553c     libcmt:dyn_tls_init.obj
 0001:00004544       __scrt_get_dyn_tls_dtor_callback 0000000140005544     libcmt:dyn_tls_dtor.obj
 0001:0000454c       __crt_debugger_hook        000000014000554c     libcmt:utility_desktop.obj
 0001:00004558       __scrt_is_managed_app      0000000140005558     libcmt:utility_desktop.obj
 0001:000045ac       __scrt_initialize_mta      00000001400055ac     libcmt:utility_desktop.obj
 0001:000045b4       __scrt_set_unhandled_exception_filter 00000001400055b4     libcmt:utility_desktop.obj
 0001:000045c4       __scrt_fastfail            00000001400055c4     libcmt:utility_desktop.obj
 0001:00004710       __scrt_unhandled_exception_filter 0000000140005710     libcmt:utility_desktop.obj
 0001:00004774       _RTC_Initialize            0000000140005774     libcmt:initsect.obj
 0001:000047b0       _RTC_Terminate             00000001400057b0     libcmt:initsect.obj
 0001:000047ec       __vcrt_initialize          00000001400057ec     libvcruntime:initialization.obj
 0001:00004814       __vcrt_uninitialize        0000000140005814     libvcruntime:initialization.obj
 0001:00004830       __scrt_is_ucrt_dll_in_use  0000000140005830     libcmt:ucrt_detection.obj
 0001:00004968       __acrt_initialize          0000000140005968     libucrt:initialization.obj
 0001:0000497c       __acrt_uninitialize        000000014000597c     libucrt:initialization.obj
 0001:000049b4       _lock_file                 00000001400059b4     libucrt:_file.obj
 0001:000049c0       _unlock_file               00000001400059c0     libucrt:_file.obj
 0001:000049cc       __acrt_initialize_stdio    00000001400059cc     libucrt:_file.obj
 0001:00004aec       __acrt_uninitialize_stdio  0000000140005aec     libucrt:_file.obj
 0001:00004b48       __p___argc                 0000000140005b48     libucrt:argv_data.obj
 0001:00004b50       __p___argv                 0000000140005b50     libucrt:argv_data.obj
 0001:00004b58       __acrt_initialize_command_line 0000000140005b58     libucrt:argv_data.obj
 0001:00004b80       __p__commode               0000000140005b80     libucrt:ncommode.obj
 0001:00004b90       __setusermatherr           0000000140005b90     libucrt:matherr.obj
 0001:00004bc0       __acrt_initialize_user_matherr 0000000140005bc0     libucrt:matherr.obj
 0001:00004bd0       ?get_raw_ptd@__crt_cached_ptd_host@@QEAAPEAU__acrt_ptd@@XZ 0000000140005bd0     libucrt:output.obj
 0001:00004c40       ?update_locale_slow@__crt_cached_ptd_host@@AEAAXXZ 0000000140005c40     libucrt:output.obj
 0001:00004cb8       exit                       0000000140005cb8     libucrt:exit.obj
 0001:00004cc4       _exit                      0000000140005cc4     libucrt:exit.obj
 0001:00004cd0       _cexit                     0000000140005cd0     libucrt:exit.obj
 0001:00004ce0       _c_exit                    0000000140005ce0     libucrt:exit.obj
 0001:00004cf0       _register_thread_local_exe_atexit_callback 0000000140005cf0     libucrt:exit.obj
 0001:00004d2c       __acrt_initialize_thread_local_exit_callback 0000000140005d2c     libucrt:exit.obj
 0001:00004fb0       _callnewh                  0000000140005fb0     libucrt:new_handler.obj
 0001:00004ff0       __acrt_initialize_new_handler 0000000140005ff0     libucrt:new_handler.obj
 0001:00005000       _query_new_handler         0000000140006000     libucrt:new_handler.obj
 0001:00005040       _set_new_handler           0000000140006040     libucrt:new_handler.obj
 0001:000050a0       ?_set_new_handler@@YAP6AH_K@ZH@Z 00000001400060a0     libucrt:new_handler.obj
 0001:000050ac       __acrt_set_locale_changed  00000001400060ac     libucrt:wsetlocale.obj
 0001:000050b8       _configthreadlocale        00000001400060b8     libucrt:wsetlocale.obj
 0001:00005124       __acrt_uninitialize_locale 0000000140006124     libucrt:wsetlocale.obj
 0001:000051c4       _configure_narrow_argv     00000001400061c4     libucrt:argv_parsing.obj
 0001:00005344       __acrt_allocate_buffer_for_argv 0000000140006344     libucrt:argv_parsing.obj
 0001:00005564       _initialize_onexit_table   0000000140006564     libucrt:onexit.obj
 0001:0000558c       _register_onexit_function  000000014000658c     libucrt:onexit.obj
 0001:000055d4       _execute_onexit_table      00000001400065d4     libucrt:onexit.obj
 0001:00005618       _crt_atexit                0000000140006618     libucrt:onexit.obj
 0001:00005968       _initialize_narrow_environment 0000000140006968     libucrt:environment_initialization.obj
 0001:00005970       _get_initial_narrow_environment 0000000140006970     libucrt:environment_initialization.obj
 0001:000059c0       __dcrt_get_or_create_narrow_environment_nolock 00000001400069c0     libucrt:environment_initialization.obj
 0001:000059fc       __dcrt_uninitialize_environments_nolock 00000001400069fc     libucrt:environment_initialization.obj
 0001:00005d24       _initterm                  0000000140006d24     libucrt:initterm.obj
 0001:00005d5c       _initterm_e                0000000140006d5c     libucrt:initterm.obj
 0001:00005d98       _seh_filter_exe            0000000140006d98     libucrt:exception_filter.obj
 0001:00005f04       _query_app_type            0000000140006f04     libucrt:report_runtime_error.obj
 0001:00005f0c       _set_app_type              0000000140006f0c     libucrt:report_runtime_error.obj
 0001:00005f14       _set_fmode                 0000000140006f14     libucrt:setmode.obj
 0001:00005f60       _query_new_mode            0000000140006f60     libucrt:new_mode.obj
 0001:00005f70       _set_new_mode              0000000140006f70     libucrt:new_mode.obj
 0001:00005f9c       abort                      0000000140006f9c     libucrt:abort.obj
 0001:00006000       calloc                     0000000140007000     libucrt:calloc.obj
 0001:00006010       free                       0000000140007010     libucrt:free.obj
 0001:00006020       malloc                     0000000140007020     libucrt:malloc.obj
 0001:00006030       realloc                    0000000140007030     libucrt:realloc.obj
 0001:00006040       strcpy_s                   0000000140007040     libucrt:strcpy_s.obj
 0001:000060c0       terminate                  00000001400070c0     libucrt:terminate.obj
 0001:000060e0       wcsncmp                    00000001400070e0     libucrt:wcsncmp.obj
 0001:00006114       __acrt_initialize_winapi_thunks 0000000140007114     libucrt:winapi_thunks.obj
 0001:00006144       __acrt_uninitialize_winapi_thunks 0000000140007144     libucrt:winapi_thunks.obj
 0001:00006188       __acrt_AreFileApisANSI     0000000140007188     libucrt:winapi_thunks.obj
 0001:000061d4       __acrt_CompareStringEx     00000001400071d4     libucrt:winapi_thunks.obj
 0001:00006298       __acrt_FlsAlloc            0000000140007298     libucrt:winapi_thunks.obj
 0001:000062a0       __acrt_FlsFree             00000001400072a0     libucrt:winapi_thunks.obj
 0001:000062a8       __acrt_FlsGetValue         00000001400072a8     libucrt:winapi_thunks.obj
 0001:000062b0       __acrt_FlsSetValue         00000001400072b0     libucrt:winapi_thunks.obj
 0001:000062b8       __acrt_FlsGetValue2        00000001400072b8     libucrt:winapi_thunks.obj
 0001:000062c4       __acrt_InitializeCriticalSectionEx 00000001400072c4     libucrt:winapi_thunks.obj
 0001:000062cc       __acrt_LCMapStringEx       00000001400072cc     libucrt:winapi_thunks.obj
 0001:000063c0       __acrt_LocaleNameToLCID    00000001400073c0     libucrt:winapi_thunks.obj
 0001:00006424       __acrt_AppPolicyGetProcessTerminationMethodInternal 0000000140007424     libucrt:winapi_thunks.obj
 0001:00006480       __acrt_tls2_supported      0000000140007480     libucrt:winapi_thunks.obj
 0001:000066b0       __acrt_initialize_locks    00000001400076b0     libucrt:locks.obj
 0001:000066f8       __acrt_uninitialize_locks  00000001400076f8     libucrt:locks.obj
 0001:00006730       __acrt_lock                0000000140007730     libucrt:locks.obj
 0001:0000674c       __acrt_unlock              000000014000774c     libucrt:locks.obj
 0001:00006770       _get_heap_handle           0000000140007770     libucrt:heap_handle.obj
 0001:00006780       __acrt_initialize_heap     0000000140007780     libucrt:heap_handle.obj
 0001:000067b0       __acrt_uninitialize_heap   00000001400077b0     libucrt:heap_handle.obj
 0001:000067d0       __acrt_getheap             00000001400077d0     libucrt:heap_handle.obj
 0001:000067d8       __acrt_initialize_ptd      00000001400077d8     libucrt:per_thread_data.obj
 0001:0000681c       __acrt_uninitialize_ptd    000000014000781c     libucrt:per_thread_data.obj
 0001:00006840       __acrt_getptd              0000000140007840     libucrt:per_thread_data.obj
 0001:0000685c       __acrt_getptd_head         000000014000785c     libucrt:per_thread_data.obj
 0001:000068a0       __acrt_getptd_noexit       00000001400078a0     libucrt:per_thread_data.obj
 0001:00006930       __acrt_getptd_noexit_explicit 0000000140007930     libucrt:per_thread_data.obj
 0001:00006bdc       ?internal_get_ptd_head_slow@@YAPEAU__acrt_ptd@@XZ 0000000140007bdc     libucrt:per_thread_data.obj
 0001:00006dbc       __acrt_initialize_lowio    0000000140007dbc     libucrt:ioinit.obj
 0001:00006df8       __acrt_uninitialize_lowio  0000000140007df8     libucrt:ioinit.obj
 0001:00007040       __acrt_update_thread_multibyte_data 0000000140008040     libucrt:mbctype.obj
 0001:0000705c       __acrt_initialize_multibyte 000000014000805c     libucrt:mbctype.obj
 0001:000070bc       ??0_LocaleUpdate@@QEAA@QEAU__crt_locale_pointers@@@Z 00000001400080bc     libucrt:mbctype.obj
 0001:00007158       _setmbcp_nolock            0000000140008158     libucrt:mbctype.obj
 0001:00007c30       _free_base                 0000000140008c30     libucrt:free_base.obj
 0001:00007c88       __acrt_execute_initializers 0000000140008c88     libucrt:shared_initialization.obj
 0001:00007d08       __acrt_execute_uninitializers 0000000140008d08     libucrt:shared_initialization.obj
 0001:00007d44       _invalid_parameter_noinfo  0000000140008d44     libucrt:invalid_parameter.obj
 0001:00007d64       _invoke_watson             0000000140008d64     libucrt:invalid_parameter.obj
 0001:00007dac       __acrt_call_reportfault    0000000140008dac     libucrt:invalid_parameter.obj
 0001:00007f1c       __acrt_initialize_invalid_parameter_handler 0000000140008f1c     libucrt:invalid_parameter.obj
 0001:00007f24       _invalid_parameter_internal 0000000140008f24     libucrt:invalid_parameter.obj
 0001:00007fdc       ?get_raw_ptd_noexit@__crt_cached_ptd_host@@QEAAPEAU__acrt_ptd@@XZ 0000000140008fdc     libucrt:invalid_parameter.obj
 0001:00008048       ?value@?$dual_state_global@P6AXPEB_W00I_K@Z@__crt_state_management@@QEAAAEAP6AXPEB_W00I_K@ZAEAV__crt_cached_ptd_host@@@Z 0000000140009048     libucrt:invalid_parameter.obj
 0001:00008094       _invalid_parameter         0000000140009094     libucrt:invalid_parameter.obj
 0001:00008130       __acrt_initialize_signal_handlers 0000000140009130     libucrt:signal.obj
 0001:00008150       __acrt_get_sigabrt_handler 0000000140009150     libucrt:signal.obj
 0001:00008180       raise                      0000000140009180     libucrt:signal.obj
 0001:00008424       _flushall                  0000000140009424     libucrt:fflush.obj
 0001:0000842c       _fflush_nolock             000000014000942c     libucrt:fflush.obj
 0001:00008500       __acrt_stdio_flush_nolock  0000000140009500     libucrt:fflush.obj
 0001:0000876c       _errno                     000000014000976c     libucrt:errno.obj
 0001:00008790       __doserrno                 0000000140009790     libucrt:errno.obj
 0001:000087b4       __acrt_errno_map_os_error  00000001400097b4     libucrt:errno.obj
 0001:000087dc       __acrt_errno_from_os_error 00000001400097dc     libucrt:errno.obj
 0001:000088ac       __acrt_errno_map_os_error_ptd 00000001400098ac     libucrt:errno.obj
 0001:000088d0       _calloc_base               00000001400098d0     libucrt:calloc_base.obj
 0001:00008948       _fcloseall                 0000000140009948     libucrt:closeall.obj
 0001:000089fc       __acrt_stdio_free_buffer_nolock 00000001400099fc     libucrt:_freebuf.obj
 0001:00008a40       _malloc_base               0000000140009a40     libucrt:malloc_base.obj
 0001:00008aa0       __acrt_update_locale_info  0000000140009aa0     libucrt:locale_update.obj
 0001:00008ad4       __acrt_update_multibyte_info 0000000140009ad4     libucrt:locale_update.obj
 0001:00008b08       __acrt_update_locale_info_explicit 0000000140009b08     libucrt:locale_update.obj
 0001:00008b40       __acrt_update_multibyte_info_explicit 0000000140009b40     libucrt:locale_update.obj
 0001:00008b78       _mbtowc_internal           0000000140009b78     libucrt:mbtowc.obj
 0001:00008cf0       ?__mblen_utf8@__crt_mbstring@@YAHPEBD@Z 0000000140009cf0     libucrt:mbrtoc32.obj
 0001:00008d28       ?__mbrtoc32_utf8@__crt_mbstring@@YA_KPEA_UPEBD_KPEAU_Mbstatet@@AEAV__crt_cached_ptd_host@@@Z 0000000140009d28     libucrt:mbrtoc32.obj
 0001:00008ee8       ?__mbrtowc_utf8@__crt_mbstring@@YA_KPEA_WPEBD_KPEAU_Mbstatet@@AEAV__crt_cached_ptd_host@@@Z 0000000140009ee8     libucrt:mbrtowc.obj
 0001:00008f30       ?__mbsrtowcs_utf8@__crt_mbstring@@YA_KPEA_WPEAPEBD_KPEAU_Mbstatet@@AEAV__crt_cached_ptd_host@@@Z 0000000140009f30     libucrt:mbrtowc.obj
 0001:000090e8       _fileno                    000000014000a0e8     libucrt:fileno.obj
 0001:00009110       __GSHandlerCheck_EH        000000014000a110     libcmt:gshandlereh.obj
 0001:00009190       __acrt_app_verifier_enabled 000000014000a190     libucrt:peb_access.obj
 0001:000091ac       __acrt_is_secure_process   000000014000a1ac     libucrt:peb_access.obj
 0001:000091c4       __acrt_get_process_end_policy 000000014000a1c4     libucrt:win_policies.obj
 0001:000091f4       __acrt_locale_free_monetary 000000014000a1f4     libucrt:initmon.obj
 0001:00009300       __acrt_locale_free_numeric 000000014000a300     libucrt:initnum.obj
 0001:0000936c       __acrt_locale_free_time    000000014000a36c     libucrt:inittime.obj
 0001:000094a8       __acrt_GetStringTypeA      000000014000a4a8     libucrt:getstringtypea.obj
 0001:00009638       __acrt_MultiByteToWideChar 000000014000a638     libucrt:multibytetowidechar.obj
 0001:000096c8       __acrt_add_locale_ref      000000014000a6c8     libucrt:locale_refcounting.obj
 0001:00009754       __acrt_release_locale_ref  000000014000a754     libucrt:locale_refcounting.obj
 0001:000097fc       __acrt_free_locale         000000014000a7fc     libucrt:locale_refcounting.obj
 0001:00009974       __acrt_locale_add_lc_time_reference 000000014000a974     libucrt:locale_refcounting.obj
 0001:0000999c       __acrt_locale_release_lc_time_reference 000000014000a99c     libucrt:locale_refcounting.obj
 0001:000099c4       __acrt_locale_free_lc_time_if_unreferenced 000000014000a9c4     libucrt:locale_refcounting.obj
 0001:000099fc       __acrt_update_thread_locale_data 000000014000a9fc     libucrt:locale_refcounting.obj
 0001:00009a6c       _updatetlocinfoEx_nolock   000000014000aa6c     libucrt:locale_refcounting.obj
 0001:00009ae0       __acrt_expand_narrow_argv_wildcards 000000014000aae0     libucrt:argv_wildcards.obj
 0001:00009d24       ??$__acrt_convert_wcs_mbs_cp@D_WV<lambda_7c9dea7b4ca7285d2cdb541a38da6275>@@U__crt_win32_buffer_internal_dynamic_resizing@@@@YAHQEBDAEAV?$__crt_win32_buffer@_WU__crt_win32_buffer_internal_dynamic_resizing@@@@AEBV<lambda_7c9dea7b4ca7285d2cdb541a38da6275>@@I@Z 000000014000ad24     libucrt:argv_wildcards.obj
 0001:00009ec4       ??$__acrt_convert_wcs_mbs_cp@_WDV<lambda_d8593a27d1aa8c02be35c86a17d324c4>@@U__crt_win32_buffer_internal_dynamic_resizing@@@@YAHQEB_WAEAV?$__crt_win32_buffer@DU__crt_win32_buffer_internal_dynamic_resizing@@@@AEBV<lambda_d8593a27d1aa8c02be35c86a17d324c4>@@I@Z 000000014000aec4     libucrt:argv_wildcards.obj
 0001:0000a568       __acrt_GetModuleFileNameA  000000014000b568     libucrt:getmodulefilenamea.obj
 0001:0000a68c       ??$__acrt_convert_wcs_mbs_cp@_WDV<lambda_f788ae46380686e8b737efdd8c720d07>@@U__crt_win32_buffer_no_resizing@@@@YAHQEB_WAEAV?$__crt_win32_buffer@DU__crt_win32_buffer_no_resizing@@@@AEBV<lambda_f788ae46380686e8b737efdd8c720d07>@@I@Z 000000014000b68c     libucrt:getmodulefilenamea.obj
 0001:0000a7a8       _ismbblead                 000000014000b7a8     libucrt:ismbbyte.obj
 0001:0000a830       _recalloc_base             000000014000b830     libucrt:recalloc.obj
 0001:0000a8d0       _recalloc                  000000014000b8d0     libucrt:recalloc.obj
 0001:0000a8d8       __acrt_WideCharToMultiByte 000000014000b8d8     libucrt:widechartomultibyte.obj
 0001:0000a9b8       __dcrt_get_narrow_environment_from_os 000000014000b9b8     libucrt:get_environment_from_os.obj
 0001:0000aac8       __dcrt_set_variable_in_narrow_environment_nolock 000000014000bac8     libucrt:setenv.obj
 0001:0000af10       _get_osfhandle             000000014000bf10     libucrt:osfinfo.obj
 0001:0000af88       _free_osfhnd               000000014000bf88     libucrt:osfinfo.obj
 0001:0000b044       __acrt_lowio_create_handle_array 000000014000c044     libucrt:osfinfo.obj
 0001:0000b0ec       __acrt_lowio_destroy_handle_array 000000014000c0ec     libucrt:osfinfo.obj
 0001:0000b13c       __acrt_lowio_ensure_fh_exists 000000014000c13c     libucrt:osfinfo.obj
 0001:0000b1e4       __acrt_lowio_lock_fh       000000014000c1e4     libucrt:osfinfo.obj
 0001:0000b20c       __acrt_lowio_unlock_fh     000000014000c20c     libucrt:osfinfo.obj
 0001:0000b234       __acrt_initialize_fmode    000000014000c234     libucrt:txtmode.obj
 0001:0000b250       _realloc_base              000000014000c250     libucrt:realloc_base.obj
 0001:0000b2cc       __C_specific_handler_noexcept 000000014000c2cc     libvcruntime:chandler_noexcept.obj
 0001:0000b318       __acrt_DownlevelLocaleNameToLCID 000000014000c318     libucrt:lcidtoname_downlevel.obj
 0001:0000b3c0       __acrt_LCMapStringA        000000014000c3c0     libucrt:lcmapstringa.obj
 0001:0000b7a0       _commit                    000000014000c7a0     libucrt:commit.obj
 0001:0000b8c0       _write_nolock              000000014000c8c0     libucrt:write.obj
 0001:0000bbf0       _write_internal            000000014000cbf0     libucrt:write.obj
 0001:0000c53c       _isatty                    000000014000d53c     libucrt:isatty.obj
 0001:0000c59c       fclose                     000000014000d59c     libucrt:fclose.obj
 0001:0000c758       ?return_illegal_sequence@__crt_mbstring@@YA_KPEAU_Mbstatet@@AEAV__crt_cached_ptd_host@@@Z 000000014000d758     libucrt:common_utf8.obj
 0001:0000c76c       ?reset_and_return@__crt_mbstring@@YA_K_KPEAU_Mbstatet@@@Z 000000014000d76c     libucrt:common_utf8.obj
 0001:0000c790       __chkstk                   000000014000d790     libcmt:chkstk.obj
 0001:0000c790       _alloca_probe              000000014000d790     libcmt:chkstk.obj
 0001:0000c7e0       __ascii_wcsnicmp           000000014000d7e0     libucrt:wcsnicmp.obj
 0001:0000c850       qsort                      000000014000d850     libucrt:qsort.obj
 0001:0000cbf0       strncpy_s                  000000014000dbf0     libucrt:strncpy_s.obj
 0001:0000cd20       strpbrk                    000000014000dd20     libucrt:strpbrk.obj
 0001:0000d17c       _mbsdec                    000000014000e17c     libucrt:mbsdec.obj
 0001:0000d184       _mbsdec_l                  000000014000e184     libucrt:mbsdec.obj
 0001:0000d220       _msize_base                000000014000e220     libucrt:msize.obj
 0001:0000d260       _msize                     000000014000e260     libucrt:msize.obj
 0001:0000d268       strchr                     000000014000e268     libvcruntime:strchr.obj
 0001:0000d2f0       _strnicoll                 000000014000e2f0     libucrt:strnicol.obj
 0001:0000d494       __acrt_SetEnvironmentVariableA 000000014000e494     libucrt:setenvironmentvariablea.obj
 0001:0000d634       _lseeki64_nolock_internal  000000014000e634     libucrt:lseek.obj
 0001:0000d6f0       __strncnt                  000000014000e6f0     libucrt:strncnt.obj
 0001:0000d708       _putwch_nolock             000000014000e708     libucrt:putwch.obj
 0001:0000d748       _close_nolock_internal     000000014000e748     libucrt:close.obj
 0001:0000d818       _close_internal            000000014000e818     libucrt:close.obj
 0001:0000d954       ?__acrt_stdio_free_stream@@YAXV__crt_stdio_stream@@@Z 000000014000e954     libucrt:stream.obj
 0001:0000d970       _guard_check_icall         000000014000e970     libcmt:checkcfg.obj
 0001:0000d980       _strnicmp                  000000014000e980     libucrt:strnicmp.obj
 0001:0000da10       _strnicmp_l                000000014000ea10     libucrt:strnicmp.obj
 0001:0000dba4       __acrt_CompareStringA      000000014000eba4     libucrt:comparestringa.obj
 0001:0000dfc0       __dcrt_lowio_ensure_console_output_initialized 000000014000efc0     libucrt:initcon.obj
 0001:0000e014       __dcrt_write_console       000000014000f014     libucrt:initcon.obj
 0001:0000e0d4       __dcrt_terminate_console_output 000000014000f0d4     libucrt:initcon.obj
 0001:0000e0f0       __acrt_initialize_fma3     000000014000f0f0     libucrt:fma3_available.obj
 0001:0000e1f0       _guard_dispatch_icall_nop  000000014000f1f0     libcmt:guard_dispatch.obj
 0001:0000e210       _guard_xfg_dispatch_icall_nop 000000014000f210     libcmt:guard_xfg_dispatch.obj
 0001:0000e230       _guard_dispatch_icall      000000014000f230     libcmt:dispatchcfg.obj
 0001:0000e230       _guard_dispatch_icall_$fo_default$ 000000014000f230     libcmt:dispatchcfg.obj
 0001:0000e260       memcpy_repmovs             000000014000f260     libvcruntime:memcpy.obj
 0001:0000e270       memcpy                     000000014000f270     libvcruntime:memcpy.obj
 0001:0000e270       memmove                    000000014000f270     libvcruntime:memcpy.obj
 0001:0000e270       memcpy_$fo_default$        000000014000f270     libvcruntime:memcpy.obj
 0001:0000e900       memset_repstos             000000014000f900     libvcruntime:memset.obj
 0001:0000e910       memset                     000000014000f910     libvcruntime:memset.obj
 0001:0000ecb0       strcmp                     000000014000fcb0     libucrt:strcmp.obj
 0001:0000ed30       strlen                     000000014000fd30     libucrt:strlen.obj
 0001:0000edf0       strncmp                    000000014000fdf0     libucrt:strncmp.obj
 0002:00000010       ??_7exception@std@@6B@     0000000140011010     aurora_runtime:memory.obj
 0002:00000028       ??_7type_info@@6B@         0000000140011028     libcmt:std_type_info_static.obj
 0002:000009d0       ??_7bad_exception@std@@6B@ 00000001400119d0     libvcruntime:frame.obj
 0002:00000a20       _pDestructExceptionObject  0000000140011a20     libvcruntime:ehhelpers.obj
 0002:00001140       _Asan_string_should_annotate_default 0000000140012140     libcpmt:asan_noop.obj
 0002:00001140       _Asan_string_should_annotate_default 0000000140012140     libcpmt:asan_noop.obj
 0002:00001141       _Asan_vector_should_annotate_default 0000000140012141     libcpmt:asan_noop.obj
 0002:00001142       _Asan_optional_should_annotate_default 0000000140012142     libcpmt:asan_noop.obj
 0002:00001150       _load_config_used          0000000140012150     libcmt:loadcfg.obj
 0002:00001290       __xmm@ffffffffffffffffffffffffffffffff 0000000140012290     libcmt:utility.obj
 0002:00001440       __acrt_exception_action_table 0000000140012440     libucrt:exception_filter.obj
 0002:00001500       __acrt_signal_action_table_count 0000000140012500     libucrt:exception_filter.obj
 0002:00001508       __acrt_signal_action_first_fpe_index 0000000140012508     libucrt:exception_filter.obj
 0002:00001510       __acrt_signal_action_fpe_count 0000000140012510     libucrt:exception_filter.obj
 0002:000016a0       __lc_time_c                00000001400126a0     libucrt:nlsdata.obj
 0002:00001ad0       __newctype                 0000000140012ad0     libucrt:ctype.obj
 0002:00001dd0       __newclmap                 0000000140012dd0     libucrt:ctype.obj
 0002:00001f50       __newcumap                 0000000140012f50     libucrt:ctype.obj
 0002:00004010       __log10_256_lead           0000000140015010     libucrt:log10_256_lead_tail_table.obj
 0002:00004820       __log10_256_tail           0000000140015820     libucrt:log10_256_lead_tail_table.obj
 0002:00005030       __log_F_inv_qword          0000000140016030     libucrt:log_f_inv_qword_table.obj
 0002:000059a0       _tls_used                  00000001400169a0     libcmt:tlssup.obj
 0002:000059c8       ??_R4exception@std@@6B@    00000001400169c8     aurora_runtime:memory.obj
 0002:000059f0       ??_R3exception@std@@8      00000001400169f0     aurora_runtime:memory.obj
 0002:00005a08       ??_R2exception@std@@8      0000000140016a08     aurora_runtime:memory.obj
 0002:00005a18       ??_R1A@?0A@EA@exception@std@@8 0000000140016a18     aurora_runtime:memory.obj
 0002:00005a40       ??_R4type_info@@6B@        0000000140016a40     libcmt:std_type_info_static.obj
 0002:00005a68       ??_R3type_info@@8          0000000140016a68     libcmt:std_type_info_static.obj
 0002:00005a80       ??_R2type_info@@8          0000000140016a80     libcmt:std_type_info_static.obj
 0002:00005a90       ??_R1A@?0A@EA@type_info@@8 0000000140016a90     libcmt:std_type_info_static.obj
 0002:00005ab8       ??_R4bad_exception@std@@6B@ 0000000140016ab8     libvcruntime:frame.obj
 0002:00005ae0       ??_R3bad_exception@std@@8  0000000140016ae0     libvcruntime:frame.obj
 0002:00005af8       ??_R2bad_exception@std@@8  0000000140016af8     libvcruntime:frame.obj
 0002:00005b10       ??_R1A@?0A@EA@bad_exception@std@@8 0000000140016b10     libvcruntime:frame.obj
 0002:00005b34       ??_C@_00CNPNBAHC@@         0000000140016b34     aurora_runtime:io.obj
 0002:00005b38       ??_C@_01PJKLJHI@?$HO@      0000000140016b38     libvcruntime:undname.obj
 0002:00005b3c       ??_C@_02NONPIBCD@?$HM?$HM@ 0000000140016b3c     libvcruntime:undname.obj
 0002:00005b40       ??_C@_01DNKMNLPK@?$HM@     0000000140016b40     libvcruntime:undname.obj
 0002:00005b44       ??_C@_04MIEPOIFP@July@     0000000140016b44     libucrt:nlsdata.obj
 0002:00005b4c       ??_C@_06OOPIFAJ@Sunday@    0000000140016b4c     libucrt:nlsdata.obj
 0002:00005b54       ??_C@_06JLEDEDGH@Monday@   0000000140016b54     libucrt:nlsdata.obj
 0002:00005b5c       ??_C@_06JECMNKMI@Friday@   0000000140016b5c     libucrt:nlsdata.obj
 0002:00005b64       ??_C@_03CNMDKL@May@        0000000140016b64     libucrt:nlsdata.obj
 0002:00005b68       ??_C@_04NIHEBCM@?5new@     0000000140016b68     libvcruntime:undname.obj
 0002:00005b70       ??_C@_03JPJOFNIA@Nov@      0000000140016b70     libucrt:nlsdata.obj
 0002:00005b74       ??_C@_03IOFIKPDN@Thu@      0000000140016b74     libucrt:nlsdata.obj
 0002:00005b78       ??_C@_06LBBHFDDG@August@   0000000140016b78     libucrt:nlsdata.obj
 0002:00005b80       ??_C@_03BMAOKBAD@Oct@      0000000140016b80     libucrt:nlsdata.obj
 0002:00005b84       ??_C@_03FEFJNEK@Sat@       0000000140016b84     libucrt:nlsdata.obj
 0002:00005b88       ??_C@_03LEOLGMJP@Apr@      0000000140016b88     libucrt:nlsdata.obj
 0002:00005b8c       ??_C@_03ODNJBKGA@Mar@      0000000140016b8c     libucrt:nlsdata.obj
 0002:00005b90       ??_C@_03GGCAPAJC@Sep@      0000000140016b90     libucrt:nlsdata.obj
 0002:00005b94       ??_C@_03KOEHGMDN@Sun@      0000000140016b94     libucrt:nlsdata.obj
 0002:00005b98       ??_C@_03IDFGHECI@Jun@      0000000140016b98     libucrt:nlsdata.obj
 0002:00005b9c       ??_C@_03PDAGKDH@Mon@       0000000140016b9c     libucrt:nlsdata.obj
 0002:00005ba0       ??_C@_03JIHJHPIE@Jan@      0000000140016ba0     libucrt:nlsdata.obj
 0002:00005ba4       ??_C@_03LBGABGKK@Jul@      0000000140016ba4     libucrt:nlsdata.obj
 0002:00005ba8       ??_C@_05DMJDNLEJ@April@    0000000140016ba8     libucrt:nlsdata.obj
 0002:00005bb0       ??_C@_03IDIOELNC@Fri@      0000000140016bb0     libucrt:nlsdata.obj
 0002:00005bb4       ??_C@_06GHPCKEAG@__eabi@   0000000140016bb4     libvcruntime:undname.obj
 0002:00005bbc       ??_C@_05HPCKOFNC@March@    0000000140016bbc     libucrt:nlsdata.obj
 0002:00005bc4       ??_C@_03IFJFEIGA@Aug@      0000000140016bc4     libucrt:nlsdata.obj
 0002:00005bc8       ??_C@_03NAGEINEP@Tue@      0000000140016bc8     libucrt:nlsdata.obj
 0002:00005bcc       ??_C@_04CNLMGBGM@June@     0000000140016bcc     libucrt:nlsdata.obj
 0002:00005bd4       ??_C@_03MHOMLAJA@Wed@      0000000140016bd4     libucrt:nlsdata.obj
 0002:00005bd8       ??_C@_03MKABNOCG@Dec@      0000000140016bd8     libucrt:nlsdata.obj
 0002:00005bdc       ??_C@_03HJBDCHOM@Feb@      0000000140016bdc     libucrt:nlsdata.obj
 0002:00005be0       ??_C@_01JKBOJNNK@?$FO@     0000000140016be0     libvcruntime:undname.obj
 0002:00005be4       ??_C@_06FHBGPFGH@?5new?$FL?$FN@ 0000000140016be4     libvcruntime:undname.obj
 0002:00005be8       ??_C@_02GPECMEKF@?$FL?$FN@ 0000000140016be8     libvcruntime:undname.obj
 0002:00005bec       ??_C@_02CJNFDJBF@PM@       0000000140016bec     libucrt:nlsdata.obj
 0002:00005bf0       ??_C@_02DEDBPAFC@AM@       0000000140016bf0     libucrt:nlsdata.obj
 0002:00005bf4       ??_C@_05KHLCHHI@?$GARTTI@  0000000140016bf4     libvcruntime:undname.obj
 0002:00005bfc       ??_C@_03KLGMFNMG@?$GAEH@   0000000140016bfc     libvcruntime:undname.obj
 0002:00005c00       ??_C@_02GPIOPFAK@?$DO?$DO@ 0000000140016c00     libvcruntime:undname.obj
 0002:00005c04       ??_C@_02HBOOOICD@?9?$DO@   0000000140016c04     libvcruntime:undname.obj
 0002:00005c08       ??_C@_01PPODPGHN@?$DO@     0000000140016c08     libvcruntime:undname.obj
 0002:00005c0c       ??_C@_02DHLNPPGH@?$HM?$DN@ 0000000140016c0c     libvcruntime:undname.obj
 0002:00005c10       ??_C@_02MHEGNOJ@?$FO?$DN@  0000000140016c10     libvcruntime:undname.obj
 0002:00005c14       ??_C@_03IKFCCPFF@?$DO?$DO?$DN@ 0000000140016c14     libvcruntime:undname.obj
 0002:00005c18       ??_C@_02EEKDKGMJ@?$DO?$DN@ 0000000140016c18     libvcruntime:undname.obj
 0002:00005c1c       ??_C@_02EGOFBIJA@?$DN?$DN@ 0000000140016c1c     libvcruntime:undname.obj
 0002:00005c20       ??_C@_03CDNPDDLA@?$DM?$DM?$DN@ 0000000140016c20     libvcruntime:undname.obj
 0002:00005c24       ??_C@_02EHCHHCKH@?$DM?$DN@ 0000000140016c24     libvcruntime:undname.obj
 0002:00005c28       ??_C@_02FJEHGPIO@?1?$DN@   0000000140016c28     libvcruntime:undname.obj
 0002:00005c2c       ??_C@_02FKMDLLOA@?9?$DN@   0000000140016c2c     libvcruntime:undname.obj
 0002:00005c30       ??_C@_02FOEOMHFC@?$CL?$DN@ 0000000140016c30     libvcruntime:undname.obj
 0002:00005c34       ??_C@_02FPIMKNGF@?$CK?$DN@ 0000000140016c34     libvcruntime:undname.obj
 0002:00005c38       ??_C@_02FGJGFEAB@?$CG?$DN@ 0000000140016c38     libvcruntime:undname.obj
 0002:00005c3c       ??_C@_02FENAOKFI@?$CF?$DN@ 0000000140016c3c     libvcruntime:undname.obj
 0002:00005c40       ??_C@_02FDNJECIE@?$CB?$DN@ 0000000140016c40     libvcruntime:undname.obj
 0002:00005c44       ??_C@_01NEMOKFLO@?$DN@     0000000140016c44     libvcruntime:undname.obj
 0002:00005c48       ??_C@_02FODMEDOG@?$DM?$DM@ 0000000140016c48     libvcruntime:undname.obj
 0002:00005c4c       ??_C@_01MNNFJEPP@?$DM@     0000000140016c4c     libvcruntime:undname.obj
 0002:00005c50       ??_C@_01KMDKNFGN@?1@       0000000140016c50     libvcruntime:undname.obj
 0002:00005c54       ??_C@_02BAABKJLB@?9?9@     0000000140016c54     libvcruntime:undname.obj
 0002:00005c58       ??_C@_01JOAMLHOP@?9@       0000000140016c58     libvcruntime:undname.obj
 0002:00005c5c       ??_C@_01IHBHIGKO@?0@       0000000140016c5c     libvcruntime:undname.obj
 0002:00005c60       ??_C@_02ECNGHCIF@?$CL?$CL@ 0000000140016c60     libvcruntime:undname.obj
 0002:00005c64       ??_C@_01MIFGBAGJ@?$CL@     0000000140016c64     libvcruntime:undname.obj
 0002:00005c68       ??_C@_03MNHNFDLC@?9?$DO?$CK@ 0000000140016c68     libvcruntime:undname.obj
 0002:00005c6c       ??_C@_01NBENCBCI@?$CK@     0000000140016c6c     libvcruntime:undname.obj
 0002:00005c70       ??_C@_02HCKGKOFO@?$CI?$CJ@ 0000000140016c70     libvcruntime:undname.obj
 0002:00005c74       ??_C@_02PPKAJPJL@?$CG?$CG@ 0000000140016c74     libvcruntime:undname.obj
 0002:00005c78       ??_C@_01HNPIGOCE@?$CG@     0000000140016c78     libvcruntime:undname.obj
 0002:00005c7c       ??_C@_01FGNFDNOH@?$CF@     0000000140016c7c     libvcruntime:undname.obj
 0002:00005c80       ??_C@_01DCLJPIOD@?$CB@     0000000140016c80     libvcruntime:undname.obj
 0002:00005c84       ??_C@_05IHCDMNLM@null?6@   0000000140016c84     aurora_runtime:io.obj
 0002:00005c88       ??_C@_01EEMJAFIK@?6@       0000000140016c88     aurora_runtime:io.obj
 0002:00005c8c       ??_C@_15BBFAICNG@?$AAu?$AAz@ 0000000140016c8c     libucrt:lcidtoname_downlevel.obj
 0002:00005c94       ??_C@_15IJBHMCFL@?$AAa?$AAz@ 0000000140016c94     libucrt:lcidtoname_downlevel.obj
 0002:00005c9c       ??_C@_15DKDJEOND@?$AAk?$AAy@ 0000000140016c9c     libucrt:lcidtoname_downlevel.obj
 0002:00005ca4       ??_C@_15LMKNDMHN@?$AAh?$AAy@ 0000000140016ca4     libucrt:lcidtoname_downlevel.obj
 0002:00005cac       ??_C@_15DFGDLJBG@?$AAs?$AAw@ 0000000140016cac     libucrt:lcidtoname_downlevel.obj
 0002:00005cb4       ??_C@_15INNPNOHD@?$AAs?$AAv@ 0000000140016cb4     libucrt:lcidtoname_downlevel.obj
 0002:00005cbc       ??_C@_15HPFPGODN@?$AAl?$AAv@ 0000000140016cbc     libucrt:lcidtoname_downlevel.obj
 0002:00005cc4       ??_C@_15FEDGKCDI@?$AAr?$AAu@ 0000000140016cc4     libucrt:lcidtoname_downlevel.obj
 0002:00005ccc       ??_C@_15PGHLIDMF@?$AAh?$AAu@ 0000000140016ccc     libucrt:lcidtoname_downlevel.obj
 0002:00005cd4       ??_C@_15HCNDBBA@?$AAg?$AAu@ 0000000140016cd4     libucrt:lcidtoname_downlevel.obj
 0002:00005cdc       ??_C@_15EKOFJABL@?$AAe?$AAu@ 0000000140016cdc     libucrt:lcidtoname_downlevel.obj
 0002:00005ce4       ??_C@_15DKNDCGEA@?$AAt?$AAt@ 0000000140016ce4     libucrt:lcidtoname_downlevel.obj
 0002:00005cec       ??_C@_15KBECGEFG@?$AAp?$AAt@ 0000000140016cec     libucrt:lcidtoname_downlevel.obj
 0002:00005cf4       ??_C@_15NFFGKGLG@?$AAl?$AAt@ 0000000140016cf4     libucrt:lcidtoname_downlevel.obj
 0002:00005cfc       ??_C@_15IFJLDHAF@?$AAi?$AAt@ 0000000140016cfc     libucrt:lcidtoname_downlevel.obj
 0002:00005d04       ??_C@_15PCFJPHHO@?$AAe?$AAt@ 0000000140016d04     libucrt:lcidtoname_downlevel.obj
 0002:00005d0c       ??_C@_15IDNNENKK@?$AAm?$AAs@ 0000000140016d0c     libucrt:lcidtoname_downlevel.obj
 0002:00005d14       ??_C@_15BIEMAPLM@?$AAi?$AAs@ 0000000140016d14     libucrt:lcidtoname_downlevel.obj
 0002:00005d1c       ??_C@_15GPIOMPMH@?$AAe?$AAs@ 0000000140016d1c     libucrt:lcidtoname_downlevel.obj
 0002:00005d24       ??_C@_15LJNHCMNK@?$AAc?$AAs@ 0000000140016d24     libucrt:lcidtoname_downlevel.obj
 0002:00005d2c       ??_C@_15NEOEKKDJ@?$AAu?$AAr@ 0000000140016d2c     libucrt:lcidtoname_downlevel.obj
 0002:00005d34       ??_C@_15BPLIHJJM@?$AAt?$AAr@ 0000000140016d34     libucrt:lcidtoname_downlevel.obj
 0002:00005d3c       ??_C@_15CLNEJCE@?$AAs?$AAr@ 0000000140016d3c     libucrt:lcidtoname_downlevel.obj
 0002:00005d44       ??_C@_15DLGBCKMP@?$AAm?$AAr@ 0000000140016d44     libucrt:lcidtoname_downlevel.obj
 0002:00005d4c       ??_C@_15GLKMLLHM@?$AAh?$AAr@ 0000000140016d4c     libucrt:lcidtoname_downlevel.obj
 0002:00005d54       ??_C@_15FBKGNKAM@?$AAf?$AAr@ 0000000140016d54     libucrt:lcidtoname_downlevel.obj
 0002:00005d5c       ??_C@_15EMKDOKLE@?$AAa?$AAr@ 0000000140016d5c     libucrt:lcidtoname_downlevel.obj
 0002:00005d64       ??_C@_15BAAIOGMK@?$AAs?$AAq@ 0000000140016d64     libucrt:lcidtoname_downlevel.obj
 0002:00005d6c       ??_C@_15GLJCBFMD@?$AAr?$AAo@ 0000000140016d6c     libucrt:lcidtoname_downlevel.obj
 0002:00005d74       ??_C@_15BPIGNHCD@?$AAn?$AAo@ 0000000140016d74     libucrt:lcidtoname_downlevel.obj
 0002:00005d7c       ??_C@_15EPELEGJA@?$AAk?$AAo@ 0000000140016d7c     libucrt:lcidtoname_downlevel.obj
 0002:00005d84       ??_C@_15PDNFFFEO@?$AAf?$AAo@ 0000000140016d84     libucrt:lcidtoname_downlevel.obj
 0002:00005d8c       ??_C@_15CBKOMCOI@?$AAm?$AAn@ 0000000140016d8c     libucrt:lcidtoname_downlevel.obj
 0002:00005d94       ??_C@_15PHPHCBPF@?$AAk?$AAn@ 0000000140016d94     libucrt:lcidtoname_downlevel.obj
 0002:00005d9c       ??_C@_15MNPNEAIF@?$AAe?$AAn@ 0000000140016d9c     libucrt:lcidtoname_downlevel.obj
 0002:00005da4       ??_C@_15LCHLGJII@?$AAs?$AAl@ 0000000140016da4     libucrt:lcidtoname_downlevel.obj
 0002:00005dac       ??_C@_15DEOPBLCG@?$AAp?$AAl@ 0000000140016dac     libucrt:lcidtoname_downlevel.obj
 0002:00005db4       ??_C@_15NDDHIMN@?$AAn?$AAl@ 0000000140016db4     libucrt:lcidtoname_downlevel.obj
 0002:00005dbc       ??_C@_15CKDMCJAF@?$AAg?$AAl@ 0000000140016dbc     libucrt:lcidtoname_downlevel.obj
 0002:00005dc4       ??_C@_15GHPEIIAO@?$AAe?$AAl@ 0000000140016dc4     libucrt:lcidtoname_downlevel.obj
 0002:00005dcc       ??_C@_15PJPFLCCM@?$AAu?$AAk@ 0000000140016dcc     libucrt:get_qualified_locale.obj
 0002:00005dd4       ??_C@_15CPKMFBDB@?$AAs?$AAk@ 0000000140016dd4     libucrt:lcidtoname_downlevel.obj
 0002:00005ddc       ??_C@_15BGHADCNK@?$AAm?$AAk@ 0000000140016ddc     libucrt:lcidtoname_downlevel.obj
 0002:00005de4       ??_C@_15MACJNBMH@?$AAk?$AAk@ 0000000140016de4     libucrt:lcidtoname_downlevel.obj
 0002:00005dec       ??_C@_15NFGIAIAJ@?$AAv?$AAi@ 0000000140016dec     libucrt:lcidtoname_downlevel.obj
 0002:00005df4       ??_C@_15OMLEGLOC@?$AAh?$AAi@ 0000000140016df4     libucrt:lcidtoname_downlevel.obj
 0002:00005dfc       ??_C@_15NGLOAKJC@?$AAf?$AAi@ 0000000140016dfc     libucrt:lcidtoname_downlevel.obj
 0002:00005e04       ??_C@_15CABMMOGH@?$AAt?$AAh@ 0000000140016e04     libucrt:lcidtoname_downlevel.obj
 0002:00005e0c       ??_C@_15KNPADPLH@?$AAb?$AAg@ 0000000140016e0c     libucrt:lcidtoname_downlevel.obj
 0002:00005e14       ??_C@_15JDNICKHM@?$AAa?$AAf@ 0000000140016e14     libucrt:lcidtoname_downlevel.obj
 0002:00005e1c       ??_C@_15NCHGBGLK@?$AAt?$AAe@ 0000000140016e1c     libucrt:lcidtoname_downlevel.obj
 0002:00005e24       ??_C@_15KGGCNEFK@?$AAh?$AAe@ 0000000140016e24     libucrt:lcidtoname_downlevel.obj
 0002:00005e2c       ??_C@_15NBKABECB@?$AAd?$AAe@ 0000000140016e2c     libucrt:lcidtoname_downlevel.obj
 0002:00005e34       ??_C@_15HPJPHDM@?$AAb?$AAe@ 0000000140016e34     libucrt:lcidtoname_downlevel.obj
 0002:00005e3c       ??_C@_15NFICGAJK@?$AAi?$AAd@ 0000000140016e3c     libucrt:lcidtoname_downlevel.obj
 0002:00005e44       ??_C@_15FNBEIBON@?$AAt?$AAa@ 0000000140016e44     libucrt:lcidtoname_downlevel.obj
 0002:00005e4c       ??_C@_15EABBLBFF@?$AAs?$AAa@ 0000000140016e4c     libucrt:lcidtoname_downlevel.obj
 0002:00005e54       ??_C@_15MGIFMDPL@?$AAp?$AAa@ 0000000140016e54     libucrt:lcidtoname_downlevel.obj
 0002:00005e5c       ??_C@_15KPJEDBKD@?$AAk?$AAa@ 0000000140016e5c     libucrt:lcidtoname_downlevel.obj
 0002:00005e64       ??_C@_15GEMIOCAG@?$AAj?$AAa@ 0000000140016e64     libucrt:lcidtoname_downlevel.obj
 0002:00005e6c       ??_C@_15BDAKCCHN@?$AAf?$AAa@ 0000000140016e6c     libucrt:lcidtoname_downlevel.obj
 0002:00005e74       ??_C@_15FOMCIDHG@?$AAd?$AAa@ 0000000140016e74     libucrt:lcidtoname_downlevel.obj
 0002:00005e7c       ??_C@_15EDMHLDMO@?$AAc?$AAa@ 0000000140016e7c     libucrt:lcidtoname_downlevel.obj
 0002:00005e84       ??_C@_15CLMNNGEL@?$AAP?$AAM@ 0000000140016e84     libucrt:nlsdata.obj
 0002:00005e8c       ??_C@_15ODEHAHHF@?$AAA?$AAM@ 0000000140016e8c     libucrt:nlsdata.obj
 0002:00005e90       ??_C@_11LOCGONAA@@         0000000140016e90     libucrt:lcidtoname_downlevel.obj
 0002:00005e98       ??_C@_0BE@CKGJFCPC@dddd?0?5MMMM?5dd?0?5yyyy@ 0000000140016e98     libucrt:nlsdata.obj
 0002:00005eb0       ??_C@_08BPBNCDIB@MM?1dd?1yy@ 0000000140016eb0     libucrt:nlsdata.obj
 0002:00005ec0       ??_C@_0BE@JIDOCPHM@directory?5not?5empty@ 0000000140016ec0     libcpmt:syserror.obj
 0002:00005ed8       ??_C@_0P@IPFDMIFL@text?5file?5busy@ 0000000140016ed8     libcpmt:syserror.obj
 0002:00005ee8       ??_C@_0BI@NGCEHDD@device?5or?5resource?5busy@ 0000000140016ee8     libcpmt:thread0.obj
 0002:00005f00       ??_C@_0BK@NDOCBPGE@no?5such?5file?5or?5directory@ 0000000140016f00     libcpmt:syserror.obj
 0002:00005f20       ??_C@_0BA@DOCPFFJG@not?5a?5directory@ 0000000140016f20     libcpmt:syserror.obj
 0002:00005f30       ??_C@_0P@FLLDBIDK@is?5a?5directory@ 0000000140016f30     libcpmt:syserror.obj
 0002:00005f40       ??_C@_0BC@ENOOLCNF@not?5enough?5memory@ 0000000140016f40     libcpmt:thread0.obj
 0002:00005f58       ??_C@_08GNJGEPFN@February@ 0000000140016f58     libucrt:nlsdata.obj
 0002:00005f68       ??_C@_07CGJPFGJA@January@  0000000140016f68     libucrt:nlsdata.obj
 0002:00005f70       ??_C@_08HACCIKIA@Thursday@ 0000000140016f70     libucrt:nlsdata.obj
 0002:00005f80       ??_C@_07BAAGCFCM@Tuesday@  0000000140016f80     libucrt:nlsdata.obj
 0002:00005f88       ??_C@_09DLIGFAKA@Wednesday@ 0000000140016f88     libucrt:nlsdata.obj
 0002:00005f98       ??_C@_08INBOOONO@Saturday@ 0000000140016f98     libucrt:nlsdata.obj
 0002:00005fa8       ??_C@_0BM@HCFOFFN@InitializeCriticalSectionEx@ 0000000140016fa8     libvcruntime:winapi_downlevel.obj
 0002:00005fc8       ??_C@_0O@KKBNKAPF@LCMapStringEx@ 0000000140016fc8     libucrt:winapi_thunks.obj
 0002:00005fd8       ??_C@_0BA@IHGNDAEB@CompareStringEx@ 0000000140016fd8     libucrt:winapi_thunks.obj
 0002:00005fe8       ??_C@_0P@DIIFGFCG@stream?5timeout@ 0000000140016fe8     libcpmt:syserror.obj
 0002:00005ff8       ??_C@_09KJPPMAOI@timed?5out@ 0000000140016ff8     libcpmt:syserror.obj
 0002:00006008       ??_C@_0BB@FCMFBGOM@invalid?5argument@ 0000000140017008     libcpmt:thread0.obj
 0002:00006020       ??_C@_0BC@GGEBGALA@operator?5co_await@ 0000000140017020     libvcruntime:undname.obj
 0002:00006038       ??_C@_0BB@IECNJNOI@connection?5reset@ 0000000140017038     libcpmt:syserror.obj
 0002:00006050       ??_C@_0O@FNPDBHEE@network?5reset@ 0000000140017050     libcpmt:syserror.obj
 0002:00006060       ??_C@_0N@POEIPGGF@not?5a?5socket@ 0000000140017060     libcpmt:syserror.obj
 0002:00006070       ??_C@_0L@PILCLIHE@__restrict@ 0000000140017070     libvcruntime:undname.obj
 0002:00006080       ??_C@_0M@MIDIAGJP@file?5exists@ 0000000140017080     libcpmt:syserror.obj
 0002:00006090       ??_C@_0BP@KAIHPOGN@connection?5already?5in?5progress@ 0000000140017090     libcpmt:syserror.obj
 0002:000060b0       ??_C@_0BG@KDKHOPCO@operation?5in?5progress@ 00000001400170b0     libcpmt:syserror.obj
 0002:000060c8       ??_C@_0BK@IMCPHCBI@no?5such?5device?5or?5address@ 00000001400170c8     libcpmt:syserror.obj
 0002:000060e8       ??_C@_0M@KGHGGJGL@bad?5address@ 00000001400170e8     libcpmt:syserror.obj
 0002:000060f8       ??_C@_0BA@ENLPPKBN@no?5such?5process@ 00000001400170f8     libcpmt:thread0.obj
 0002:00006108       ??_C@_0BB@IEPBLJHK@no?5child?5process@ 0000000140017108     libcpmt:syserror.obj
 0002:00006120       ??_C@_0P@MIGLKIOC@CorExitProcess@ 0000000140017120     libucrt:exit.obj
 0002:00006130       ??_C@_07IPNMCAN@success@   0000000140017130     libcpmt:syserror.obj
 0002:00006138       ??_C@_08JCCMCCIL@HH?3mm?3ss@ 0000000140017138     libucrt:nlsdata.obj
 0002:00006148       ??_C@_0BO@EFGOJEF@too?5many?5symbolic?5link?5levels@ 0000000140017148     libcpmt:syserror.obj
 0002:00006168       ??_C@_0P@HCOMKFCC@too?5many?5links@ 0000000140017168     libcpmt:syserror.obj
 0002:00006178       ??_C@_0BE@MKFDAFMP@no?5stream?5resources@ 0000000140017178     libcpmt:syserror.obj
 0002:00006190       ??_C@_0BO@BJBOMOEJ@resource?5deadlock?5would?5occur@ 0000000140017190     libcpmt:thread0.obj
 0002:000061b0       ??_C@_0BE@MPJPGCEO@bad?5file?5descriptor@ 00000001400171b0     libcpmt:syserror.obj
 0002:000061c8       ??_C@_08LHJFAFGD@operator@ 00000001400171c8     libvcruntime:undname.obj
 0002:000061d8       ??_C@_0BI@BNCLIGPB@executable?5format?5error@ 00000001400171d8     libcpmt:syserror.obj
 0002:000061f0       ??_C@_08GLNPIFBN@io?5error@ 00000001400171f0     libcpmt:syserror.obj
 0002:00006200       ??_C@_0P@FNPOCJBE@protocol?5error@ 0000000140017200     libcpmt:syserror.obj
 0002:00006210       ??_C@_07JJNFCEND@October@  0000000140017210     libucrt:nlsdata.obj
 0002:00006218       ??_C@_08HCHEGEOA@November@ 0000000140017218     libucrt:nlsdata.obj
 0002:00006228       ??_C@_09BHHEALKD@September@ 0000000140017228     libucrt:nlsdata.obj
 0002:00006238       ??_C@_08EDHMEBNP@December@ 0000000140017238     libucrt:nlsdata.obj
 0002:00006248       ??_C@_0N@KIIEAAIO@network?5down@ 0000000140017248     libcpmt:syserror.obj
 0002:00006258       ??_C@_0BD@EAMBFIDF@no?5protocol?5option@ 0000000140017258     libcpmt:syserror.obj
 0002:00006270       ??_C@_0BC@EOODALEL@Unknown?5exception@ 0000000140017270     aurora_runtime:memory.obj
 0002:00006288       ??_C@_0O@DPKOEFFH@bad?5exception@ 0000000140017288     libvcruntime:frame.obj
 0002:00006298       ??_C@_0CD@BNPLBMNA@inappropriate?5io?5control?5operat@ 0000000140017298     libcpmt:syserror.obj
[...]
 0004:000009a8       $pdata$__acrt_initialize_lowio 00000001400279a8     libucrt:ioinit.obj
 0004:000009b4       $pdata$__acrt_initialize_lowio$fin$0 00000001400279b4     libucrt:ioinit.obj
 0004:000009b4       $pdata$__acrt_lowio_ensure_fh_exists$fin$0 00000001400279b4     libucrt:osfinfo.obj
 0004:000009c0       $pdata$__acrt_uninitialize_lowio 00000001400279c0     libucrt:ioinit.obj
 0004:000009cc       $pdata$?initialize_inherited_file_handles_nolock@@YAXXZ 00000001400279cc     libucrt:ioinit.obj
 0004:000009d8       $pdata$?initialize_stdio_handles_nolock@@YAXXZ 00000001400279d8     libucrt:ioinit.obj
 0004:000009e4       $pdata$__acrt_update_thread_multibyte_data 00000001400279e4     libucrt:mbctype.obj
 0004:000009f0       $pdata$__acrt_initialize_multibyte 00000001400279f0     libucrt:mbctype.obj
 0004:000009fc       $pdata$??0_LocaleUpdate@@QEAA@QEAU__crt_locale_pointers@@@Z 00000001400279fc     libucrt:mbctype.obj
 0004:00000a08       $pdata$_setmbcp_nolock     0000000140027a08     libucrt:mbctype.obj
 0004:00000a14       $pdata$?getSystemCP@@YAHH@Z 0000000140027a14     libucrt:mbctype.obj
 0004:00000a20       $pdata$?setSBCS@@YAXPEAU__crt_multibyte_data@@@Z 0000000140027a20     libucrt:mbctype.obj
 0004:00000a2c       $pdata$?update_thread_multibyte_data_internal@@YAPEAU__crt_multibyte_data@@QEAU__acrt_ptd@@QEAPEAU1@@Z 0000000140027a2c     libucrt:mbctype.obj
 0004:00000a38       $pdata$?fin$0@?0??update_thread_multibyte_data_internal@@YAPEAU__crt_multibyte_data@@QEAU__acrt_ptd@@QEAPEAU1@@Z@4HA 0000000140027a38     libucrt:mbctype.obj
 0004:00000a44       $pdata$?setmbcp_internal@@YAHH_NQEAU__acrt_ptd@@QEAPEAU__crt_multibyte_data@@@Z 0000000140027a44     libucrt:mbctype.obj
 0004:00000a50       $pdata$?setSBUpLow@@YAXPEAU__crt_multibyte_data@@@Z 0000000140027a50     libucrt:mbctype.obj
 0004:00000a5c       $pdata$??$?RV<lambda_efdfa57d1f175319df784efa44bb7b81>@@AEAV<lambda_5f0a4c1567f8adc6734073e5d1e1b35c>@@V<lambda_2e8a7d3640ea6ccb4c2413664c2db6fd>@@@?$__crt_seh_guarded_call@X@@QEAAX$$QEAV<lambda_efdfa57d1f175319df784efa44bb7b81>@@AEAV<lambda_5f0a4c1567f8adc6734073e5d1e1b35c>@@$$QEAV<lambda_2e8a7d3640ea6ccb4c2413664c2db6fd>@@@Z 0000000140027a5c     libucrt:mbctype.obj
 0004:00000a68       $pdata$?fin$0@?0???$?RV<lambda_efdfa57d1f175319df784efa44bb7b81>@@AEAV<lambda_5f0a4c1567f8adc6734073e5d1e1b35c>@@V<lambda_2e8a7d3640ea6ccb4c2413664c2db6fd>@@@?$__crt_seh_guarded_call@X@@QEAAX$$QEAV<lambda_efdfa57d1f175319df784efa44bb7b81>@@AEAV<lambda_5f0a4c1567f8adc6734073e5d1e1b35c>@@$$QEAV<lambda_2e8a7d3640ea6ccb4c2413664c2db6fd>@@@Z@4HA 0000000140027a68     libucrt:mbctype.obj
 0004:00000a74       $pdata$_free_base          0000000140027a74     libucrt:free_base.obj
 0004:00000a80       $pdata$__acrt_execute_initializers 0000000140027a80     libucrt:shared_initialization.obj
 0004:00000a8c       $pdata$__acrt_execute_uninitializers 0000000140027a8c     libucrt:shared_initialization.obj
 0004:00000a98       $pdata$_invalid_parameter_noinfo 0000000140027a98     libucrt:invalid_parameter.obj
 0004:00000aa4       $pdata$_invoke_watson      0000000140027aa4     libucrt:invalid_parameter.obj
 0004:00000ab0       $pdata$__acrt_call_reportfault 0000000140027ab0     libucrt:invalid_parameter.obj
 0004:00000abc       $pdata$_invalid_parameter_internal 0000000140027abc     libucrt:invalid_parameter.obj
 0004:00000ac8       $pdata$?get_raw_ptd_noexit@__crt_cached_ptd_host@@QEAAPEAU__acrt_ptd@@XZ 0000000140027ac8     libucrt:invalid_parameter.obj
 0004:00000ad4       $pdata$?value@?$dual_state_global@P6AXPEB_W00I_K@Z@__crt_state_management@@QEAAAEAP6AXPEB_W00I_K@ZAEAV__crt_cached_ptd_host@@@Z 0000000140027ad4     libucrt:invalid_parameter.obj
 0004:00000ae0       $pdata$_invalid_parameter  0000000140027ae0     libucrt:invalid_parameter.obj
 0004:00000aec       $pdata$__acrt_get_sigabrt_handler 0000000140027aec     libucrt:signal.obj
 0004:00000af8       $pdata$raise               0000000140027af8     libucrt:signal.obj
 0004:00000b04       $pdata$raise$fin$0         0000000140027b04     libucrt:signal.obj
 0004:00000b10       $pdata$??$?RV<lambda_450d765d439847d4c735a33c368b5fc0>@@AEAV<lambda_44731a7d0e6d81c3e6aa82d741081786>@@V<lambda_601a2a7da3b7a96e9554ac7215c4b07c>@@@?$__crt_seh_guarded_call@P6AXH@Z@@QEAAP6AXH@Z$$QEAV<lambda_450d765d439847d4c735a33c368b5fc0>@@AEAV<lambda_44731a7d0e6d81c3e6aa82d741081786>@@$$QEAV<lambda_601a2a7da3b7a96e9554ac7215c4b07c>@@@Z 0000000140027b10     libucrt:signal.obj
 0004:00000b1c       $pdata$_fflush_nolock      0000000140027b1c     libucrt:fflush.obj
 0004:00000b28       $pdata$__acrt_stdio_flush_nolock 0000000140027b28     libucrt:fflush.obj
 0004:00000b34       $pdata$?common_flush_all@@YAH_N@Z 0000000140027b34     libucrt:fflush.obj
 0004:00000b40       $pdata$??$?RV<lambda_842d9ff0dc9ef11c61343bbaebe7f885>@@AEAV<lambda_c5860995281e5c4ce005b3de8f5874ee>@@V<lambda_d90129c13df834fdcbf8d2b88dafcf2d>@@@?$__crt_seh_guarded_call@X@@QEAAX$$QEAV<lambda_842d9ff0dc9ef11c61343bbaebe7f885>@@AEAV<lambda_c5860995281e5c4ce005b3de8f5874ee>@@$$QEAV<lambda_d90129c13df834fdcbf8d2b88dafcf2d>@@@Z 0000000140027b40     libucrt:fflush.obj
 0004:00000b4c       $pdata$?fin$0@?0???$?RV<lambda_842d9ff0dc9ef11c61343bbaebe7f885>@@AEAV<lambda_c5860995281e5c4ce005b3de8f5874ee>@@V<lambda_d90129c13df834fdcbf8d2b88dafcf2d>@@@?$__crt_seh_guarded_call@X@@QEAAX$$QEAV<lambda_842d9ff0dc9ef11c61343bbaebe7f885>@@AEAV<lambda_c5860995281e5c4ce005b3de8f5874ee>@@$$QEAV<lambda_d90129c13df834fdcbf8d2b88dafcf2d>@@@Z@4HA 0000000140027b4c     libucrt:fflush.obj
 0004:00000b58       $pdata$??$?RV<lambda_886d6c58226a84441f68b9f2b8217b83>@@AEAV<lambda_ab61a845afdef5b7c387490eaf3616ee>@@V<lambda_f7f22ab5edc0698d5f6905b0d3f44752>@@@?$__crt_seh_guarded_call@X@@QEAAX$$QEAV<lambda_886d6c58226a84441f68b9f2b8217b83>@@AEAV<lambda_ab61a845afdef5b7c387490eaf3616ee>@@$$QEAV<lambda_f7f22ab5edc0698d5f6905b0d3f44752>@@@Z 0000000140027b58     libucrt:fflush.obj
 0004:00000b64       $pdata$?fin$0@?0???$?RV<lambda_886d6c58226a84441f68b9f2b8217b83>@@AEAV<lambda_ab61a845afdef5b7c387490eaf3616ee>@@V<lambda_f7f22ab5edc0698d5f6905b0d3f44752>@@@?$__crt_seh_guarded_call@X@@QEAAX$$QEAV<lambda_886d6c58226a84441f68b9f2b8217b83>@@AEAV<lambda_ab61a845afdef5b7c387490eaf3616ee>@@$$QEAV<lambda_f7f22ab5edc0698d5f6905b0d3f44752>@@@Z@4HA 0000000140027b64     libucrt:fflush.obj
 0004:00000b70       $pdata$_errno              0000000140027b70     libucrt:errno.obj
 0004:00000b7c       $pdata$__doserrno          0000000140027b7c     libucrt:errno.obj
 0004:00000b88       $pdata$__acrt_errno_map_os_error 0000000140027b88     libucrt:errno.obj
 0004:00000b94       $pdata$__acrt_errno_from_os_error 0000000140027b94     libucrt:errno.obj
 0004:00000ba0       $pdata$__acrt_errno_map_os_error_ptd 0000000140027ba0     libucrt:errno.obj
 0004:00000bac       $pdata$_calloc_base        0000000140027bac     libucrt:calloc_base.obj
 0004:00000bb8       $pdata$_fcloseall          0000000140027bb8     libucrt:closeall.obj
 0004:00000bc4       $pdata$_fcloseall$fin$0    0000000140027bc4     libucrt:closeall.obj
 0004:00000bd0       $pdata$__acrt_stdio_free_buffer_nolock 0000000140027bd0     libucrt:_freebuf.obj
 0004:00000be8       $pdata$_malloc_base        0000000140027be8     libucrt:malloc_base.obj
 0004:00000bf4       $pdata$__acrt_update_locale_info 0000000140027bf4     libucrt:locale_update.obj
 0004:00000c00       $pdata$__acrt_update_multibyte_info 0000000140027c00     libucrt:locale_update.obj
 0004:00000c0c       $pdata$__acrt_update_locale_info_explicit 0000000140027c0c     libucrt:locale_update.obj
 0004:00000c18       $pdata$__acrt_update_multibyte_info_explicit 0000000140027c18     libucrt:locale_update.obj
 0004:00000c24       $pdata$_mbtowc_internal    0000000140027c24     libucrt:mbtowc.obj
 0004:00000c30       $pdata$?__mbrtoc32_utf8@__crt_mbstring@@YA_KPEA_UPEBD_KPEAU_Mbstatet@@AEAV__crt_cached_ptd_host@@@Z 0000000140027c30     libucrt:mbrtoc32.obj
 0004:00000c3c       $pdata$?__mbrtowc_utf8@__crt_mbstring@@YA_KPEA_WPEBD_KPEAU_Mbstatet@@AEAV__crt_cached_ptd_host@@@Z 0000000140027c3c     libucrt:mbrtowc.obj
 0004:00000c48       $pdata$?__mbsrtowcs_utf8@__crt_mbstring@@YA_KPEA_WPEAPEBD_KPEAU_Mbstatet@@AEAV__crt_cached_ptd_host@@@Z 0000000140027c48     libucrt:mbrtowc.obj
 0004:00000c54       $pdata$_fileno             0000000140027c54     libucrt:fileno.obj
 0004:00000c60       $pdata$__GSHandlerCheck_EH 0000000140027c60     libcmt:gshandlereh.obj
 0004:00000c6c       $pdata$__acrt_get_process_end_policy 0000000140027c6c     libucrt:win_policies.obj
 0004:00000c78       $pdata$__acrt_locale_free_monetary 0000000140027c78     libucrt:initmon.obj
 0004:00000c84       $pdata$__acrt_locale_free_numeric 0000000140027c84     libucrt:initnum.obj
 0004:00000c90       $pdata$__acrt_locale_free_time 0000000140027c90     libucrt:inittime.obj
 0004:00000c9c       $pdata$?free_crt_array_internal@@YAXQEAPEBX_K@Z 0000000140027c9c     libucrt:inittime.obj
 0004:00000ca8       $pdata$__acrt_GetStringTypeA 0000000140027ca8     libucrt:getstringtypea.obj
 0004:00000cb4       $pdata$__acrt_release_locale_ref 0000000140027cb4     libucrt:locale_refcounting.obj
 0004:00000cc0       $pdata$__acrt_free_locale  0000000140027cc0     libucrt:locale_refcounting.obj
 0004:00000ccc       $pdata$__acrt_locale_free_lc_time_if_unreferenced 0000000140027ccc     libucrt:locale_refcounting.obj
 0004:00000cd8       $pdata$__acrt_update_thread_locale_data 0000000140027cd8     libucrt:locale_refcounting.obj
 0004:00000ce4       $pdata$__acrt_update_thread_locale_data$fin$0 0000000140027ce4     libucrt:locale_refcounting.obj
 0004:00000cf0       $pdata$_updatetlocinfoEx_nolock 0000000140027cf0     libucrt:locale_refcounting.obj
 0004:00000cfc       $pdata$??$common_expand_argv_wildcards@D@@YAHQEAPEADQEAPEAPEAD@Z 0000000140027cfc     libucrt:argv_wildcards.obj
 0004:00000d08       $pdata$??$__acrt_convert_wcs_mbs_cp@D_WV<lambda_7c9dea7b4ca7285d2cdb541a38da6275>@@U__crt_win32_buffer_internal_dynamic_resizing@@@@YAHQEBDAEAV?$__crt_win32_buffer@_WU__crt_win32_buffer_internal_dynamic_resizing@@@@AEBV<lambda_7c9dea7b4ca7285d2cdb541a38da6275>@@I@Z 0000000140027d08     libucrt:argv_wildcards.obj
 0004:00000d14       $pdata$??$__acrt_convert_wcs_mbs_cp@_WDV<lambda_d8593a27d1aa8c02be35c86a17d324c4>@@U__crt_win32_buffer_internal_dynamic_resizing@@@@YAHQEB_WAEAV?$__crt_win32_buffer@DU__crt_win32_buffer_internal_dynamic_resizing@@@@AEBV<lambda_d8593a27d1aa8c02be35c86a17d324c4>@@I@Z 0000000140027d14     libucrt:argv_wildcards.obj
 0004:00000d20       $pdata$??$copy_and_add_argument_to_buffer@D@@YAHQEBD0_KAEAV?$argument_list@D@?A0x5f5c8891@@@Z 0000000140027d20     libucrt:argv_wildcards.obj
 0004:00000d2c       $pdata$??$expand_argument_wildcards@D@@YAHQEAD0AEAV?$argument_list@D@?A0x5f5c8891@@@Z 0000000140027d2c     libucrt:argv_wildcards.obj
 0004:00000d38       $pdata$__acrt_GetModuleFileNameA 0000000140027d38     libucrt:getmodulefilenamea.obj
 0004:00000d44       $pdata$??$__acrt_convert_wcs_mbs_cp@_WDV<lambda_f788ae46380686e8b737efdd8c720d07>@@U__crt_win32_buffer_no_resizing@@@@YAHQEB_WAEAV?$__crt_win32_buffer@DU__crt_win32_buffer_no_resizing@@@@AEBV<lambda_f788ae46380686e8b737efdd8c720d07>@@I@Z 0000000140027d44     libucrt:getmodulefilenamea.obj
 0004:00000d50       $pdata$?x_ismbbtype_l@@YAHPEAU__crt_locale_pointers@@IHH@Z 0000000140027d50     libucrt:ismbbyte.obj
 0004:00000d5c       $pdata$_recalloc_base      0000000140027d5c     libucrt:recalloc.obj
 0004:00000d68       $pdata$__acrt_WideCharToMultiByte 0000000140027d68     libucrt:widechartomultibyte.obj
 0004:00000d74       $pdata$__dcrt_get_narrow_environment_from_os 0000000140027d74     libucrt:get_environment_from_os.obj
 0004:00000d80       $pdata$??$common_set_variable_in_environment_nolock@D@@YAHQEADH@Z 0000000140027d80     libucrt:setenv.obj
 0004:00000d8c       $pdata$??$copy_environment@D@@YAPEAPEADQEAPEAD@Z 0000000140027d8c     libucrt:setenv.obj
 0004:00000d98       $pdata$_get_osfhandle      0000000140027d98     libucrt:osfinfo.obj
 0004:00000da4       $pdata$_free_osfhnd        0000000140027da4     libucrt:osfinfo.obj
 0004:00000db0       $pdata$__acrt_lowio_create_handle_array 0000000140027db0     libucrt:osfinfo.obj
 0004:00000dbc       $pdata$__acrt_lowio_destroy_handle_array 0000000140027dbc     libucrt:osfinfo.obj
 0004:00000dc8       $pdata$__acrt_lowio_ensure_fh_exists 0000000140027dc8     libucrt:osfinfo.obj
 0004:00000dd4       $pdata$_realloc_base       0000000140027dd4     libucrt:realloc_base.obj
 0004:00000de0       $pdata$__C_specific_handler_noexcept 0000000140027de0     libvcruntime:chandler_noexcept.obj
 0004:00000dec       $pdata$__acrt_DownlevelLocaleNameToLCID 0000000140027dec     libucrt:lcidtoname_downlevel.obj
 0004:00000df8       $pdata$__acrt_LCMapStringA 0000000140027df8     libucrt:lcmapstringa.obj
 0004:00000e04       $pdata$?__acrt_LCMapStringA_stat@@YAHPEAU__crt_locale_pointers@@PEB_WKPEBDHPEADHHH@Z 0000000140027e04     libucrt:lcmapstringa.obj
 0004:00000e10       $pdata$?initialize_multibyte@@YAHXZ 0000000140027e10     libucrt:multibyte_initializer.obj
 0004:00000e1c       $pdata$_commit             0000000140027e1c     libucrt:commit.obj
 0004:00000e28       $pdata$??$?RV<lambda_a37b2b86f63e897a80ea819b0eb08c01>@@AEAV<lambda_38ce7e780aa69e748d6df282ebc68efe>@@V<lambda_99fb1378e971ab6e7edea83e3a7a83a2>@@@?$__crt_seh_guarded_call@H@@QEAAH$$QEAV<lambda_a37b2b86f63e897a80ea819b0eb08c01>@@AEAV<lambda_38ce7e780aa69e748d6df282ebc68efe>@@$$QEAV<lambda_99fb1378e971ab6e7edea83e3a7a83a2>@@@Z 0000000140027e28     libucrt:commit.obj
 0004:00000e34       $pdata$?fin$0@?0???$?RV<lambda_a37b2b86f63e897a80ea819b0eb08c01>@@AEAV<lambda_38ce7e780aa69e748d6df282ebc68efe>@@V<lambda_99fb1378e971ab6e7edea83e3a7a83a2>@@@?$__crt_seh_guarded_call@H@@QEAAH$$QEAV<lambda_a37b2b86f63e897a80ea819b0eb08c01>@@AEAV<lambda_38ce7e780aa69e748d6df282ebc68efe>@@$$QEAV<lambda_99fb1378e971ab6e7edea83e3a7a83a2>@@@Z@4HA 0000000140027e34     libucrt:commit.obj
 0004:00000e34       $pdata$?fin$0@?0???$?RV<lambda_ad8af0d99a0adf03d037d7dffe354bb5>@@AEAV<lambda_c9ba49e555ba839a7b07aa3fbecb7617>@@V<lambda_2f1ebd5d68526518146ae959c9e734c8>@@@?$__crt_seh_guarded_call@H@@QEAAH$$QEAV<lambda_ad8af0d99a0adf03d037d7dffe354bb5>@@AEAV<lambda_c9ba49e555ba839a7b07aa3fbecb7617>@@$$QEAV<lambda_2f1ebd5d68526518146ae959c9e734c8>@@@Z@4HA 0000000140027e34     libucrt:close.obj
 0004:00000e40       $pdata$_write_nolock       0000000140027e40     libucrt:write.obj
 0004:00000e4c       $pdata$_write_internal     0000000140027e4c     libucrt:write.obj
 0004:00000e58       $pdata$_write_internal$fin$0 0000000140027e58     libucrt:write.obj
 0004:00000e64       $pdata$?write_double_translated_ansi_nolock@@YA?AUwrite_result@?A0x17268360@@HQEBDIAEAV__crt_cached_ptd_host@@@Z 0000000140027e64     libucrt:write.obj
 0004:00000e70       $pdata$?write_text_ansi_nolock@@YA?AUwrite_result@?A0x17268360@@HQEBDI@Z 0000000140027e70     libucrt:write.obj
 0004:00000e7c       $pdata$?write_text_utf16le_nolock@@YA?AUwrite_result@?A0x17268360@@HQEBDI@Z 0000000140027e7c     libucrt:write.obj
 0004:00000e88       $pdata$?write_text_utf8_nolock@@YA?AUwrite_result@?A0x17268360@@HQEBDI@Z 0000000140027e88     libucrt:write.obj
 0004:00000e94       $pdata$_isatty             0000000140027e94     libucrt:isatty.obj
 0004:00000ea0       $pdata$fclose              0000000140027ea0     libucrt:fclose.obj
 0004:00000eac       $pdata$?_fclose_nolock_internal@@YAHQEAU_iobuf@@AEAV__crt_cached_ptd_host@@@Z 0000000140027eac     libucrt:fclose.obj
 0004:00000eb8       $pdata$?_fclose_internal@@YAHQEAU_iobuf@@AEAV__crt_cached_ptd_host@@@Z 0000000140027eb8     libucrt:fclose.obj
 0004:00000ec4       $pdata$?fin$0@?0??_fclose_internal@@YAHQEAU_iobuf@@AEAV__crt_cached_ptd_host@@@Z@4HA 0000000140027ec4     libucrt:fclose.obj
 0004:00000edc       $pdata$qsort               0000000140027edc     libucrt:qsort.obj
 0004:00000ee8       $pdata$3$qsort             0000000140027ee8     libucrt:qsort.obj
 0004:00000ef4       $pdata$4$qsort             0000000140027ef4     libucrt:qsort.obj
 0004:00000f00       $pdata$strncpy_s           0000000140027f00     libucrt:strncpy_s.obj
 0004:00000f0c       $pdata$strpbrk             0000000140027f0c     libucrt:strpbrk.obj
 0004:00000f18       $pdata$fallbackMethod      0000000140027f18     libucrt:strpbrk.obj
 0004:00000f24       $pdata$_mbsdec_l           0000000140027f24     libucrt:mbsdec.obj
 0004:00000f30       $pdata$_msize_base         0000000140027f30     libucrt:msize.obj
 0004:00000f3c       $pdata$_strnicoll          0000000140027f3c     libucrt:strnicol.obj
 0004:00000f48       $pdata$0$_strnicoll        0000000140027f48     libucrt:strnicol.obj
 0004:00000f54       $pdata$1$_strnicoll        0000000140027f54     libucrt:strnicol.obj
 0004:00000f60       $pdata$__acrt_SetEnvironmentVariableA 0000000140027f60     libucrt:setenvironmentvariablea.obj
 0004:00000f6c       $pdata$??$common_lseek_nolock@_J@@YA_JH_JHAEAV__crt_cached_ptd_host@@@Z 0000000140027f6c     libucrt:lseek.obj
 0004:00000f78       $pdata$_putwch_nolock      0000000140027f78     libucrt:putwch.obj
 0004:00000f84       $pdata$_close_nolock_internal 0000000140027f84     libucrt:close.obj
 0004:00000f90       $pdata$_close_internal     0000000140027f90     libucrt:close.obj
 0004:00000f9c       $pdata$??$?RV<lambda_ad8af0d99a0adf03d037d7dffe354bb5>@@AEAV<lambda_c9ba49e555ba839a7b07aa3fbecb7617>@@V<lambda_2f1ebd5d68526518146ae959c9e734c8>@@@?$__crt_seh_guarded_call@H@@QEAAH$$QEAV<lambda_ad8af0d99a0adf03d037d7dffe354bb5>@@AEAV<lambda_c9ba49e555ba839a7b07aa3fbecb7617>@@$$QEAV<lambda_2f1ebd5d68526518146ae959c9e734c8>@@@Z 0000000140027f9c     libucrt:close.obj
 0004:00000fa8       $pdata$_strnicmp           0000000140027fa8     libucrt:strnicmp.obj
 0004:00000fb4       $pdata$_strnicmp_l         0000000140027fb4     libucrt:strnicmp.obj
 0004:00000fc0       $pdata$?_strnicmp_validate_param@@YAHQEBD0_K@Z 0000000140027fc0     libucrt:strnicmp.obj
 0004:00000fcc       $pdata$__acrt_CompareStringA 0000000140027fcc     libucrt:comparestringa.obj
 0004:00000fd8       $pdata$?InternalCompareStringA@@YAHPEAU__crt_locale_pointers@@PEB_WKPEBDH2HH@Z 0000000140027fd8     libucrt:comparestringa.obj
 0004:00000fe4       $pdata$__dcrt_lowio_ensure_console_output_initialized 0000000140027fe4     libucrt:initcon.obj
 0004:00000ff0       $pdata$__dcrt_write_console 0000000140027ff0     libucrt:initcon.obj
 0004:00000ffc       $pdata$__dcrt_terminate_console_output 0000000140027ffc     libucrt:initcon.obj
 0004:00001008       $pdata$__acrt_initialize_fma3 0000000140028008     libucrt:fma3_available.obj
 0005:00000000       ?function_pointers@@3PAPEAXA 0000000140029000     libucrt:winapi_thunks.obj
 0006:00000008       ?current_arena@@3PEAUArenaBlock@@EA 000000014002a008     aurora_runtime:memory.obj
 0007:00000000       MoveSmall                  000000014002b000     libvcruntime:memcpy_avx_ermsb_aligned.obj
 0007:00000040       MoveSmallYmm               000000014002b040     libvcruntime:memcpy_avx_ermsb_aligned.obj
 0007:00000064       MoveSmallYmmNT             000000014002b064     libvcruntime:memcpy_avx_ermsb_aligned.obj
 0007:00000090       MoveSmall                  000000014002b090     libvcruntime:memcpy_avx_ermsb_aligned_amd.obj
 0007:000000d0       MoveSmallYmm               000000014002b0d0     libvcruntime:memcpy_avx_ermsb_aligned_amd.obj
 0007:000000f4       MoveSmallYmmNT             000000014002b0f4     libvcruntime:memcpy_avx_ermsb_aligned_amd.obj
 0007:00000120       MoveSmall                  000000014002b120     libvcruntime:memcpy_sse2_ermsb_aligned.obj
 0007:00000160       MoveSmallXmm               000000014002b160     libvcruntime:memcpy_sse2_ermsb_aligned.obj
 0007:00000190       MoveSmall                  000000014002b190     libvcruntime:memcpy_sse2_ermsb_aligned_amd.obj
 0007:000001d0       MoveSmallXmm               000000014002b1d0     libvcruntime:memcpy_sse2_ermsb_aligned_amd.obj
